Archive member included because of file (symbol)

c:/programas-practicas-isa/eclipsearm/sourcery-g++-lite-arm-2011.03/bin/../lib/gcc/arm-none-eabi/4.5.2\libgcc.a(_divsi3.o)
                              ./common/44blib.o (__aeabi_idiv)
c:/programas-practicas-isa/eclipsearm/sourcery-g++-lite-arm-2011.03/bin/../lib/gcc/arm-none-eabi/4.5.2\libgcc.a(_dvmd_tls.o)
                              c:/programas-practicas-isa/eclipsearm/sourcery-g++-lite-arm-2011.03/bin/../lib/gcc/arm-none-eabi/4.5.2\libgcc.a(_divsi3.o) (__aeabi_idiv0)

Allocating common symbols
Common symbol       size              file

fileSize            0x4               ./common/44blib.o
downPt              0x4               ./common/44blib.o

Memory Configuration

Name             Origin             Length             Attributes
*default*        0x00000000         0xffffffff

Linker script and memory map

LOAD ./common/44binit.o
LOAD ./common/44blib.o
LOAD ./8led.o
LOAD ./button.o
LOAD ./led.o
LOAD ./main.o
LOAD ./patron_volteo_arm_c.o
LOAD ./reversi8_2019.o
LOAD ./reversi8_2019_arm_c.o
LOAD ./reversi8_2019_c.o
LOAD ./timer.o
LOAD ./timer2.o
START GROUP
LOAD c:/programas-practicas-isa/eclipsearm/sourcery-g++-lite-arm-2011.03/bin/../lib/gcc/arm-none-eabi/4.5.2\libgcc.a
LOAD c:/programas-practicas-isa/eclipsearm/sourcery-g++-lite-arm-2011.03/bin/../lib/gcc/arm-none-eabi/4.5.2/../../../../arm-none-eabi/lib\libc.a
END GROUP
                0x0c000000                . = 0xc000000
                0x0c000000                Image_RO_Base = .

.text           0x0c000000     0x1334
 *(.text)
 .text          0x0c000000      0x70c ./common/44binit.o
 .text          0x0c00070c      0x1ec ./common/44blib.o
                0x0c00070c                Delay
                0x0c000790                DelayMs
                0x0c000794                Port_Init
                0x0c000854                malloc
                0x0c000890                free
                0x0c0008a0                sys_init
 .text          0x0c0008f8       0x2c ./8led.o
                0x0c0008f8                D8Led_init
                0x0c000908                D8Led_symbol
 .text          0x0c000924      0x114 ./button.o
                0x0c000924                Eint4567_ISR
                0x0c0009ac                Eint4567_init
 .text          0x0c000a38       0xd8 ./led.o
                0x0c000a38                Led_Display
                0x0c000a88                leds_switch
                0x0c000aa0                led2_off
                0x0c000ab8                led2_on
                0x0c000ad0                led1_off
                0x0c000ae8                led1_on
                0x0c000b00                leds_off
                0x0c000b08                leds_on
 .text          0x0c000b10      0x370 ./main.o
                0x0c000b10                ficha_valida
                0x0c000b44                patron_volteo
                0x0c000c00                Main
 .text          0x0c000e80      0x19c ./patron_volteo_arm_c.o
                0x0c000e80                patron_volteo_arm_c
                0x0c000f04                patron_volteo_arm_arm_opt
                0x0c000f84                patron_volteo_arm_arm
 .text          0x0c00101c        0x0 ./reversi8_2019.o
 .text          0x0c00101c        0x0 ./reversi8_2019_arm_c.o
 .text          0x0c00101c        0x0 ./reversi8_2019_c.o
 .text          0x0c00101c       0x9c ./timer.o
                0x0c00101c                timer_ISR
                0x0c001048                timer_init
 .text          0x0c0010b8      0x130 ./timer2.o
                0x0c0010b8                timer2_ISR
                0x0c0010e8                timer2_inicializar
                0x0c001148                timer2_empezar
                0x0c0011a4                timer2_leer
                0x0c0011d0                timer2_parar
 .text          0x0c0011e8      0x148 c:/programas-practicas-isa/eclipsearm/sourcery-g++-lite-arm-2011.03/bin/../lib/gcc/arm-none-eabi/4.5.2\libgcc.a(_divsi3.o)
                0x0c0011e8                __divsi3
                0x0c0011e8                __aeabi_idiv
                0x0c001310                __aeabi_idivmod
 .text          0x0c001330        0x4 c:/programas-practicas-isa/eclipsearm/sourcery-g++-lite-arm-2011.03/bin/../lib/gcc/arm-none-eabi/4.5.2\libgcc.a(_dvmd_tls.o)
                0x0c001330                __aeabi_idiv0
                0x0c001330                __aeabi_ldiv0

.glue_7         0x0c001334        0x0
 .glue_7        0x00000000        0x0 linker stubs

.glue_7t        0x0c001334        0x0
 .glue_7t       0x00000000        0x0 linker stubs

.vfp11_veneer   0x0c001334        0x0
 .vfp11_veneer  0x00000000        0x0 linker stubs

.v4_bx          0x0c001334        0x0
 .v4_bx         0x00000000        0x0 linker stubs
                0x0c001334                . = ALIGN (0x4)
                0x0c001334                Image_RO_Limit = .
                0x0c001334                Image_RW_Base = .

.data           0x0c001338       0x58
 *(.data)
 .data          0x0c001338        0x6 ./common/44binit.o
                0x0c001338                BDRAMTYPE
 *fill*         0x0c00133e        0x2 00
 .data          0x0c001340        0xc ./common/44blib.o
                0x0c001344                mallocPt
                0x0c001348                run
 .data          0x0c00134c        0x0 ./8led.o
 .data          0x0c00134c        0x0 ./button.o
 .data          0x0c00134c        0x0 ./led.o
 *fill*         0x0c00134c        0x4 00
 .data          0x0c001350       0x40 ./main.o
 .data          0x0c001390        0x0 ./patron_volteo_arm_c.o
 .data          0x0c001390        0x0 ./reversi8_2019.o
 .data          0x0c001390        0x0 ./reversi8_2019_arm_c.o
 .data          0x0c001390        0x0 ./reversi8_2019_c.o
 .data          0x0c001390        0x0 ./timer.o
 .data          0x0c001390        0x0 ./timer2.o
 .data          0x0c001390        0x0 c:/programas-practicas-isa/eclipsearm/sourcery-g++-lite-arm-2011.03/bin/../lib/gcc/arm-none-eabi/4.5.2\libgcc.a(_divsi3.o)
 .data          0x0c001390        0x0 c:/programas-practicas-isa/eclipsearm/sourcery-g++-lite-arm-2011.03/bin/../lib/gcc/arm-none-eabi/4.5.2\libgcc.a(_dvmd_tls.o)

.rodata         0x0c001390       0x54
 *(.rodata)
 .rodata        0x0c001390       0x44 ./8led.o
 .rodata        0x0c0013d4       0x10 ./main.o
                0x0c0013d4                vSF
                0x0c0013dc                vSC
                0x0c0013e4                Image_RW_Limit = .
                0x0c0013e4                . = ALIGN (0x4)
                0x0c0013e4                Image_ZI_Base = .

.bss            0x0c0013e4       0x1c
 *(.bss)
 .bss           0x0c0013e4        0x0 ./common/44binit.o
 .bss           0x0c0013e4        0x4 ./common/44blib.o
                0x0c0013e4                restart
 .bss           0x0c0013e8        0x0 ./8led.o
 .bss           0x0c0013e8        0x4 ./button.o
 .bss           0x0c0013ec        0x4 ./led.o
 .bss           0x0c0013f0        0x0 ./main.o
 .bss           0x0c0013f0        0x0 ./patron_volteo_arm_c.o
 .bss           0x0c0013f0        0x0 ./reversi8_2019.o
 .bss           0x0c0013f0        0x0 ./reversi8_2019_arm_c.o
 .bss           0x0c0013f0        0x0 ./reversi8_2019_c.o
 .bss           0x0c0013f0        0x4 ./timer.o
                0x0c0013f0                switch_leds
 .bss           0x0c0013f4        0x4 ./timer2.o
 .bss           0x0c0013f8        0x0 c:/programas-practicas-isa/eclipsearm/sourcery-g++-lite-arm-2011.03/bin/../lib/gcc/arm-none-eabi/4.5.2\libgcc.a(_divsi3.o)
 .bss           0x0c0013f8        0x0 c:/programas-practicas-isa/eclipsearm/sourcery-g++-lite-arm-2011.03/bin/../lib/gcc/arm-none-eabi/4.5.2\libgcc.a(_dvmd_tls.o)
 COMMON         0x0c0013f8        0x8 ./common/44blib.o
                0x0c0013f8                fileSize
                0x0c0013fc                downPt
 COMMON         0x0c001400        0x0 ./main.o
                0x0c001400                Image_ZI_Limit = .
                0x0c001400                __bss_start__ = .
                0x0c001400                __bss_end__ = .
                0x0c001400                __EH_FRAME_BEGIN__ = .
                0x0c001400                __EH_FRAME_END__ = .
                0x0c001400                PROVIDE (__stack, .)
                0x0c001400                end = .
                0x0c001400                _end = .

.ARM.attributes
                0x00000000       0x2e
 .ARM.attributes
                0x00000000       0x22 ./common/44binit.o
 .ARM.attributes
                0x00000022       0x32 ./common/44blib.o
 .ARM.attributes
                0x00000054       0x32 ./8led.o
 .ARM.attributes
                0x00000086       0x32 ./button.o
 .ARM.attributes
                0x000000b8       0x32 ./led.o
 .ARM.attributes
                0x000000ea       0x32 ./main.o
 .ARM.attributes
                0x0000011c       0x22 ./patron_volteo_arm_c.o
 .ARM.attributes
                0x0000013e       0x32 ./reversi8_2019.o
 .ARM.attributes
                0x00000170       0x32 ./reversi8_2019_arm_c.o
 .ARM.attributes
                0x000001a2       0x32 ./reversi8_2019_c.o
 .ARM.attributes
                0x000001d4       0x32 ./timer.o
 .ARM.attributes
                0x00000206       0x32 ./timer2.o
 .ARM.attributes
                0x00000238       0x1a c:/programas-practicas-isa/eclipsearm/sourcery-g++-lite-arm-2011.03/bin/../lib/gcc/arm-none-eabi/4.5.2\libgcc.a(_divsi3.o)
 .ARM.attributes
                0x00000252       0x18 c:/programas-practicas-isa/eclipsearm/sourcery-g++-lite-arm-2011.03/bin/../lib/gcc/arm-none-eabi/4.5.2\libgcc.a(_dvmd_tls.o)

.comment        0x00000000       0x2a
 .comment       0x00000000       0x2a ./common/44blib.o
                                 0x2b (size before relaxing)
 .comment       0x00000000       0x2b ./8led.o
 .comment       0x00000000       0x2b ./button.o
 .comment       0x00000000       0x2b ./led.o
 .comment       0x00000000       0x2b ./main.o
 .comment       0x00000000       0x2b ./reversi8_2019.o
 .comment       0x00000000       0x2b ./reversi8_2019_arm_c.o
 .comment       0x00000000       0x2b ./reversi8_2019_c.o
 .comment       0x00000000       0x2b ./timer.o
 .comment       0x00000000       0x2b ./timer2.o

.debug_info     0x00000000      0x9cd
 *(.debug_info)
 .debug_info    0x00000000       0x62 ./common/44binit.o
 .debug_info    0x00000062      0x228 ./common/44blib.o
 .debug_info    0x0000028a      0x10f ./8led.o
 .debug_info    0x00000399       0x87 ./button.o
 .debug_info    0x00000420       0xed ./led.o
 .debug_info    0x0000050d      0x28d ./main.o
 .debug_info    0x0000079a       0x67 ./patron_volteo_arm_c.o
 .debug_info    0x00000801       0x29 ./reversi8_2019.o
 .debug_info    0x0000082a       0x29 ./reversi8_2019_arm_c.o
 .debug_info    0x00000853       0x29 ./reversi8_2019_c.o
 .debug_info    0x0000087c       0x79 ./timer.o
 .debug_info    0x000008f5       0xd8 ./timer2.o

.debug_line     0x00000000      0xab3
 *(.debug_line)
 .debug_line    0x00000000      0x10f ./common/44binit.o
 .debug_line    0x0000010f      0x3b6 ./common/44blib.o
 .debug_line    0x000004c5       0x90 ./8led.o
 .debug_line    0x00000555       0xc2 ./button.o
 .debug_line    0x00000617       0xbf ./led.o
 .debug_line    0x000006d6      0x144 ./main.o
 .debug_line    0x0000081a       0xb0 ./patron_volteo_arm_c.o
 .debug_line    0x000008ca       0x33 ./reversi8_2019.o
 .debug_line    0x000008fd       0x39 ./reversi8_2019_arm_c.o
 .debug_line    0x00000936       0x35 ./reversi8_2019_c.o
 .debug_line    0x0000096b       0x9e ./timer.o
 .debug_line    0x00000a09       0xaa ./timer2.o

.debug_abbrev   0x00000000      0x59b
 *(.debug_abbrev)
 .debug_abbrev  0x00000000       0x14 ./common/44binit.o
 .debug_abbrev  0x00000014      0x163 ./common/44blib.o
 .debug_abbrev  0x00000177       0xae ./8led.o
 .debug_abbrev  0x00000225       0x76 ./button.o
 .debug_abbrev  0x0000029b       0x69 ./led.o
 .debug_abbrev  0x00000304      0x146 ./main.o
 .debug_abbrev  0x0000044a       0x14 ./patron_volteo_arm_c.o
 .debug_abbrev  0x0000045e       0x16 ./reversi8_2019.o
 .debug_abbrev  0x00000474       0x16 ./reversi8_2019_arm_c.o
 .debug_abbrev  0x0000048a       0x16 ./reversi8_2019_c.o
 .debug_abbrev  0x000004a0       0x6d ./timer.o
 .debug_abbrev  0x0000050d       0x8e ./timer2.o

.debug_frame    0x00000000      0x304
 *(.debug_frame)
 .debug_frame   0x00000000       0xa0 ./common/44blib.o
 .debug_frame   0x000000a0       0x30 ./8led.o
 .debug_frame   0x000000d0       0x54 ./button.o
 .debug_frame   0x00000124       0x90 ./led.o
 .debug_frame   0x000001b4       0x88 ./main.o
 .debug_frame   0x0000023c       0x3c ./timer.o
 .debug_frame   0x00000278       0x6c ./timer2.o
 .debug_frame   0x000002e4       0x20 c:/programas-practicas-isa/eclipsearm/sourcery-g++-lite-arm-2011.03/bin/../lib/gcc/arm-none-eabi/4.5.2\libgcc.a(_divsi3.o)
OUTPUT(P1_PH_v2.elf elf32-littlearm)

.debug_aranges  0x00000000      0x120
 .debug_aranges
                0x00000000       0x20 ./common/44binit.o
 .debug_aranges
                0x00000020       0x20 ./common/44blib.o
 .debug_aranges
                0x00000040       0x20 ./8led.o
 .debug_aranges
                0x00000060       0x20 ./button.o
 .debug_aranges
                0x00000080       0x20 ./led.o
 .debug_aranges
                0x000000a0       0x20 ./main.o
 .debug_aranges
                0x000000c0       0x20 ./patron_volteo_arm_c.o
 .debug_aranges
                0x000000e0       0x20 ./timer.o
 .debug_aranges
                0x00000100       0x20 ./timer2.o

.debug_macinfo  0x00000000    0x2ccc3
 .debug_macinfo
                0x00000000     0x8316 ./common/44blib.o
 .debug_macinfo
                0x00008316     0x50c5 ./8led.o
 .debug_macinfo
                0x0000d3db     0x525b ./button.o
 .debug_macinfo
                0x00012636     0x50c4 ./led.o
 .debug_macinfo
                0x000176fa     0x5109 ./main.o
 .debug_macinfo
                0x0001c803     0x2111 ./reversi8_2019.o
 .debug_macinfo
                0x0001e914     0x2111 ./reversi8_2019_arm_c.o
 .debug_macinfo
                0x00020a25     0x2111 ./reversi8_2019_c.o
 .debug_macinfo
                0x00022b36     0x50c6 ./timer.o
 .debug_macinfo
                0x00027bfc     0x50c7 ./timer2.o

.debug_loc      0x00000000      0x3d2
 .debug_loc     0x00000000       0xc4 ./common/44blib.o
 .debug_loc     0x000000c4       0x6a ./button.o
 .debug_loc     0x0000012e      0x264 ./main.o
 .debug_loc     0x00000392       0x20 ./timer.o
 .debug_loc     0x000003b2       0x20 ./timer2.o

.debug_pubnames
                0x00000000      0x27d
 .debug_pubnames
                0x00000000       0x90 ./common/44blib.o
 .debug_pubnames
                0x00000090       0x32 ./8led.o
 .debug_pubnames
                0x000000c2       0x35 ./button.o
 .debug_pubnames
                0x000000f7       0x7d ./led.o
 .debug_pubnames
                0x00000174       0x5e ./main.o
 .debug_pubnames
                0x000001d2       0x3f ./timer.o
 .debug_pubnames
                0x00000211       0x6c ./timer2.o

.debug_pubtypes
                0x00000000       0x12
 .debug_pubtypes
                0x00000000       0x12 ./common/44blib.o

.debug_str      0x00000000      0x416
 .debug_str     0x00000000      0x11c ./common/44blib.o
                                0x15a (size before relaxing)
 .debug_str     0x0000011c       0x6c ./8led.o
                                 0xa8 (size before relaxing)
 .debug_str     0x00000188       0x3b ./button.o
                                 0x77 (size before relaxing)
 .debug_str     0x000001c3       0x68 ./led.o
                                 0x97 (size before relaxing)
 .debug_str     0x0000022b      0x103 ./main.o
                                0x144 (size before relaxing)
 .debug_str     0x0000032e       0x13 ./reversi8_2019.o
                                 0x42 (size before relaxing)
 .debug_str     0x00000341       0x19 ./reversi8_2019_arm_c.o
                                 0x48 (size before relaxing)
 .debug_str     0x0000035a       0x15 ./reversi8_2019_c.o
                                 0x44 (size before relaxing)
 .debug_str     0x0000036f       0x20 ./timer.o
                                 0x5b (size before relaxing)
 .debug_str     0x0000038f       0x87 ./timer2.o
                                 0xd2 (size before relaxing)
