   1              		.cpu arm7tdmi
   2              		.fpu softvfp
   3              		.eabi_attribute 20, 1
   4              		.eabi_attribute 21, 1
   5              		.eabi_attribute 23, 3
   6              		.eabi_attribute 24, 1
   7              		.eabi_attribute 25, 1
   8              		.eabi_attribute 26, 1
   9              		.eabi_attribute 30, 6
  10              		.eabi_attribute 18, 4
  11              		.file	"main.c"
  21              	.Ltext0:
  22              		.file 1 "../main.c"
 1912              		.align	2
 1913              	timer2_num_int:
 1914 0000 00000000 		.space	4
 1915              		.text
 1916              		.align	2
 1917              		.global	Main
 1919              	Main:
 1920              	.LFB0:
   1:../main.c     **** /*********************************************************************************************
   2:../main.c     **** * Fichero:	main.c
   3:../main.c     **** * Autor:
   4:../main.c     **** * Descrip:	punto de entrada de C
   5:../main.c     **** * Version:  <P4-ARM.timer-leds>
   6:../main.c     **** *********************************************************************************************/
   7:../main.c     **** 
   8:../main.c     **** /*--- ficheros de cabecera ---*/
   9:../main.c     **** #include "8led.h"
  10:../main.c     **** #include "button.h"
  11:../main.c     **** #include "led.h"
  12:../main.c     **** #include "timer.h"
  13:../main.c     **** #include "44blib.h"
  14:../main.c     **** #include "44b.h"
  15:../main.c     **** #include "timer2.h"
  16:../main.c     **** /*--- variables globales ---*/
  17:../main.c     **** 
  18:../main.c     **** 
  19:../main.c     **** /*--- codigo de funciones ---*/
  20:../main.c     **** void Main(void)
  21:../main.c     **** {
 1921              		.loc 1 21 0
 1922              		.cfi_startproc
 1923              		@ Function supports interworking.
 1924              		@ args = 0, pretend = 0, frame = 0
 1925              		@ frame_needed = 1, uses_anonymous_args = 0
 1926 0000 0DC0A0E1 		mov	ip, sp
 1927              	.LCFI0:
 1928              		.cfi_def_cfa_register 12
 1929 0004 00D82DE9 		stmfd	sp!, {fp, ip, lr, pc}
 1930 0008 04B04CE2 		sub	fp, ip, #4
 1931              		.cfi_offset 14, -8
 1932              		.cfi_offset 13, -12
 1933              		.cfi_offset 11, -16
 1934              	.LCFI1:
 1935              		.cfi_def_cfa 11, 4
  22:../main.c     **** 	/* Inicializa controladores */
  23:../main.c     **** 	sys_init();         // Inicializacion de la placa, interrupciones y puertos
 1936              		.loc 1 23 0
 1937 000c FEFFFFEB 		bl	sys_init
  24:../main.c     **** 	timer_init();	    // Inicializacion del temporizador
 1938              		.loc 1 24 0
 1939 0010 FEFFFFEB 		bl	timer_init
  25:../main.c     **** 	Eint4567_init();	// inicializamos los pulsadores. Cada vez que se pulse se verá reflejado en el 8l
 1940              		.loc 1 25 0
 1941 0014 FEFFFFEB 		bl	Eint4567_init
  26:../main.c     **** 	D8Led_init();       // inicializamos el 8led
 1942              		.loc 1 26 0
 1943 0018 FEFFFFEB 		bl	D8Led_init
  27:../main.c     **** 
  28:../main.c     **** 
  29:../main.c     **** 	/* Valor inicial de los leds */
  30:../main.c     **** 	leds_off();
 1944              		.loc 1 30 0
 1945 001c FEFFFFEB 		bl	leds_off
  31:../main.c     **** 	led1_on();
 1946              		.loc 1 31 0
 1947 0020 FEFFFFEB 		bl	led1_on
 1948 0024 000000EA 		b	.L3
 1949              	.L4:
  32:../main.c     **** 
  33:../main.c     **** 	while (1)
  34:../main.c     **** 	{
  35:../main.c     **** 		/* Cambia los leds con cada interrupcion del temporizador */
  36:../main.c     **** 		if (switch_leds == 1)
  37:../main.c     **** 		{
  38:../main.c     **** 			leds_switch();
  39:../main.c     **** 			switch_leds = 0;
  40:../main.c     **** 		}
  41:../main.c     **** 	}
 1950              		.loc 1 41 0
 1951 0028 0000A0E1 		mov	r0, r0	@ nop
 1952              	.L3:
  36:../main.c     **** 		if (switch_leds == 1)
 1953              		.loc 1 36 0
 1954 002c 1C309FE5 		ldr	r3, .L5
 1955 0030 003093E5 		ldr	r3, [r3, #0]
 1956 0034 010053E3 		cmp	r3, #1
 1957 0038 FAFFFF1A 		bne	.L4
  38:../main.c     **** 			leds_switch();
 1958              		.loc 1 38 0
 1959 003c FEFFFFEB 		bl	leds_switch
  39:../main.c     **** 			switch_leds = 0;
 1960              		.loc 1 39 0
 1961 0040 08309FE5 		ldr	r3, .L5
 1962 0044 0020A0E3 		mov	r2, #0
 1963 0048 002083E5 		str	r2, [r3, #0]
 1964              		.loc 1 41 0
 1965 004c F6FFFFEA 		b	.L3
 1966              	.L6:
 1967              		.align	2
 1968              	.L5:
 1969 0050 00000000 		.word	switch_leds
 1970              		.cfi_endproc
 1971              	.LFE0:
 1973              	.Letext0:
DEFINED SYMBOLS
                            *ABS*:00000000 main.c
                            *COM*:00000004 switch_leds
C:\Users\pjper\AppData\Local\Temp\ccTxNveb.s:1912   .bss:00000000 $d
C:\Users\pjper\AppData\Local\Temp\ccTxNveb.s:1913   .bss:00000000 timer2_num_int
C:\Users\pjper\AppData\Local\Temp\ccTxNveb.s:1916   .text:00000000 $a
C:\Users\pjper\AppData\Local\Temp\ccTxNveb.s:1919   .text:00000000 Main
C:\Users\pjper\AppData\Local\Temp\ccTxNveb.s:1969   .text:00000050 $d
                     .debug_frame:00000010 $d

UNDEFINED SYMBOLS
sys_init
timer_init
Eint4567_init
D8Led_init
leds_off
led1_on
leds_switch
