Archive member included because of file (symbol)

c:/users/pjper/onedrive/escritorio/cosas/universidad/tercero/proyecto hardware/eclipsearm/sourcery-g++-lite-arm-2011.03/bin/../lib/gcc/arm-none-eabi/4.5.2\libgcc.a(_divsi3.o)
                              ./common/44blib.o (__aeabi_idiv)
c:/users/pjper/onedrive/escritorio/cosas/universidad/tercero/proyecto hardware/eclipsearm/sourcery-g++-lite-arm-2011.03/bin/../lib/gcc/arm-none-eabi/4.5.2\libgcc.a(_dvmd_tls.o)
                              c:/users/pjper/onedrive/escritorio/cosas/universidad/tercero/proyecto hardware/eclipsearm/sourcery-g++-lite-arm-2011.03/bin/../lib/gcc/arm-none-eabi/4.5.2\libgcc.a(_divsi3.o) (__aeabi_idiv0)

Allocating common symbols
Common symbol       size              file

fileSize            0x4               ./common/44blib.o
downPt              0x4               ./common/44blib.o

Memory Configuration

Name             Origin             Length             Attributes
*default*        0x00000000         0xffffffff

Linker script and memory map

LOAD ./common/44binit.o
LOAD ./common/44blib.o
LOAD ./8led.o
LOAD ./button.o
LOAD ./init_b_2018.o
LOAD ./led.o
LOAD ./main.o
LOAD ./reversi8_2019.o
LOAD ./timer.o
LOAD ./timer2.o
START GROUP
LOAD c:/users/pjper/onedrive/escritorio/cosas/universidad/tercero/proyecto hardware/eclipsearm/sourcery-g++-lite-arm-2011.03/bin/../lib/gcc/arm-none-eabi/4.5.2\libgcc.a
LOAD c:/users/pjper/onedrive/escritorio/cosas/universidad/tercero/proyecto hardware/eclipsearm/sourcery-g++-lite-arm-2011.03/bin/../lib/gcc/arm-none-eabi/4.5.2/../../../../arm-none-eabi/lib\libc.a
END GROUP
                0x0c000000                . = 0xc000000

.text           0x0c000000     0x2818
 *(.text)
 .text          0x0c000000      0x70c ./common/44binit.o
 .text          0x0c00070c      0x46c ./common/44blib.o
                0x0c00070c                Delay
                0x0c000844                DelayMs
                0x0c0008a8                Port_Init
                0x0c000a38                malloc
                0x0c000ad8                free
                0x0c000b08                sys_init
 .text          0x0c000b78       0x78 ./8led.o
                0x0c000b78                D8Led_init
                0x0c000b9c                D8Led_symbol
 .text          0x0c000bf0      0x19c ./button.o
                0x0c000bf0                Eint4567_ISR
                0x0c000ca8                Eint4567_init
 .text          0x0c000d8c       0x1c ./init_b_2018.o
                0x0c000d8c                start
 .text          0x0c000da8      0x23c ./led.o
                0x0c000da8                leds_on
                0x0c000dc8                leds_off
                0x0c000de8                led1_on
                0x0c000e28                led1_off
                0x0c000e68                led2_on
                0x0c000ea8                led2_off
                0x0c000ee8                leds_switch
                0x0c000f28                Led_Display
 .text          0x0c000fe4       0x54 ./main.o
                0x0c000fe4                Main
 .text          0x0c001038     0x1370 ./reversi8_2019.o
                0x0c001038                init_table
                0x0c00124c                esperar_mov
                0x0c00128c                ficha_valida
                0x0c001340                patron_volteo
                0x0c001454                voltear
                0x0c0014e4                actualizar_tablero
                0x0c0015dc                elegir_mov
                0x0c0017f4                contar
                0x0c0018f0                actualizar_candidatas
                0x0c001c48                reversi8
 .text          0x0c0023a8      0x108 ./timer.o
                0x0c0023a8                timer_ISR
                0x0c0023f0                timer_init
 .text          0x0c0024b0      0x21c ./timer2.o
                0x0c0024b0                timer2_ISR
                0x0c002500                timer2_inicializar
                0x0c0025a0                timer2_empezar
                0x0c002640                timer2_leer
                0x0c002690                timer2_parar
 .text          0x0c0026cc      0x148 c:/users/pjper/onedrive/escritorio/cosas/universidad/tercero/proyecto hardware/eclipsearm/sourcery-g++-lite-arm-2011.03/bin/../lib/gcc/arm-none-eabi/4.5.2\libgcc.a(_divsi3.o)
                0x0c0026cc                __divsi3
                0x0c0026cc                __aeabi_idiv
                0x0c0027f4                __aeabi_idivmod
 .text          0x0c002814        0x4 c:/users/pjper/onedrive/escritorio/cosas/universidad/tercero/proyecto hardware/eclipsearm/sourcery-g++-lite-arm-2011.03/bin/../lib/gcc/arm-none-eabi/4.5.2\libgcc.a(_dvmd_tls.o)
                0x0c002814                __aeabi_idiv0
                0x0c002814                __aeabi_ldiv0
                0x0c002818                _bdata = .

.glue_7         0x0c002818        0x0
 .glue_7        0x00000000        0x0 linker stubs

.glue_7t        0x0c002818        0x0
 .glue_7t       0x00000000        0x0 linker stubs

.vfp11_veneer   0x0c002818        0x0
 .vfp11_veneer  0x00000000        0x0 linker stubs

.v4_bx          0x0c002818        0x0
 .v4_bx         0x00000000        0x0 linker stubs

.data           0x0c002818       0x58
 *(.data)
 .data          0x0c002818        0x6 ./common/44binit.o
                0x0c002818                BDRAMTYPE
 *fill*         0x0c00281e        0x2 00
 .data          0x0c002820        0xc ./common/44blib.o
                0x0c002820                mallocPt
                0x0c002824                run
 .data          0x0c00282c       0x44 ./8led.o
 .data          0x0c002870        0x0 ./button.o
 .data          0x0c002870        0x0 ./init_b_2018.o
 .data          0x0c002870        0x0 ./led.o
 .data          0x0c002870        0x0 ./main.o
 .data          0x0c002870        0x0 ./reversi8_2019.o
 .data          0x0c002870        0x0 ./timer.o
 .data          0x0c002870        0x0 ./timer2.o
 .data          0x0c002870        0x0 c:/users/pjper/onedrive/escritorio/cosas/universidad/tercero/proyecto hardware/eclipsearm/sourcery-g++-lite-arm-2011.03/bin/../lib/gcc/arm-none-eabi/4.5.2\libgcc.a(_divsi3.o)
 .data          0x0c002870        0x0 c:/users/pjper/onedrive/escritorio/cosas/universidad/tercero/proyecto hardware/eclipsearm/sourcery-g++-lite-arm-2011.03/bin/../lib/gcc/arm-none-eabi/4.5.2\libgcc.a(_dvmd_tls.o)
                0x0c002870                _edata = .

.rodata         0x0c002870       0x58
 *(.rodata)
 .rodata        0x0c002870       0x58 ./reversi8_2019.o
                0x0c002870                NO
                0x0c002871                SI
                0x0c002872                CASILLA_OCUPADA
                0x0c0028b8                vSF
                0x0c0028c0                vSC
                0x0c0028c8                _bbss = .

.bss            0x0c0028c8       0x68
 *(.bss)
 .bss           0x0c0028c8        0x0 ./common/44binit.o
 .bss           0x0c0028c8        0x4 ./common/44blib.o
                0x0c0028c8                restart
 .bss           0x0c0028cc        0x0 ./8led.o
 .bss           0x0c0028cc        0x4 ./button.o
 .bss           0x0c0028d0        0x0 ./init_b_2018.o
 .bss           0x0c0028d0        0x4 ./led.o
 .bss           0x0c0028d4        0x4 ./main.o
 .bss           0x0c0028d8       0x48 ./reversi8_2019.o
 .bss           0x0c002920        0x4 ./timer.o
                0x0c002920                switch_leds
 .bss           0x0c002924        0x4 ./timer2.o
 .bss           0x0c002928        0x0 c:/users/pjper/onedrive/escritorio/cosas/universidad/tercero/proyecto hardware/eclipsearm/sourcery-g++-lite-arm-2011.03/bin/../lib/gcc/arm-none-eabi/4.5.2\libgcc.a(_divsi3.o)
 .bss           0x0c002928        0x0 c:/users/pjper/onedrive/escritorio/cosas/universidad/tercero/proyecto hardware/eclipsearm/sourcery-g++-lite-arm-2011.03/bin/../lib/gcc/arm-none-eabi/4.5.2\libgcc.a(_dvmd_tls.o)
 COMMON         0x0c002928        0x8 ./common/44blib.o
                0x0c002928                fileSize
                0x0c00292c                downPt
 COMMON         0x0c002930        0x0 ./main.o
                0x0c002930                _ebss = .
OUTPUT(PH_1.elf elf32-littlearm)

.ARM.attributes
                0x00000000       0x2e
 .ARM.attributes
                0x00000000       0x22 ./common/44binit.o
 .ARM.attributes
                0x00000022       0x32 ./common/44blib.o
 .ARM.attributes
                0x00000054       0x32 ./8led.o
 .ARM.attributes
                0x00000086       0x32 ./button.o
 .ARM.attributes
                0x000000b8       0x22 ./init_b_2018.o
 .ARM.attributes
                0x000000da       0x32 ./led.o
 .ARM.attributes
                0x0000010c       0x32 ./main.o
 .ARM.attributes
                0x0000013e       0x32 ./reversi8_2019.o
 .ARM.attributes
                0x00000170       0x32 ./timer.o
 .ARM.attributes
                0x000001a2       0x32 ./timer2.o
 .ARM.attributes
                0x000001d4       0x1a c:/users/pjper/onedrive/escritorio/cosas/universidad/tercero/proyecto hardware/eclipsearm/sourcery-g++-lite-arm-2011.03/bin/../lib/gcc/arm-none-eabi/4.5.2\libgcc.a(_divsi3.o)
 .ARM.attributes
                0x000001ee       0x18 c:/users/pjper/onedrive/escritorio/cosas/universidad/tercero/proyecto hardware/eclipsearm/sourcery-g++-lite-arm-2011.03/bin/../lib/gcc/arm-none-eabi/4.5.2\libgcc.a(_dvmd_tls.o)

.comment        0x00000000       0x2a
 .comment       0x00000000       0x2a ./common/44blib.o
                                 0x2b (size before relaxing)
 .comment       0x00000000       0x2b ./8led.o
 .comment       0x00000000       0x2b ./button.o
 .comment       0x00000000       0x2b ./led.o
 .comment       0x00000000       0x2b ./main.o
 .comment       0x00000000       0x2b ./reversi8_2019.o
 .comment       0x00000000       0x2b ./timer.o
 .comment       0x00000000       0x2b ./timer2.o

.debug_line     0x00000000      0xbd0
 .debug_line    0x00000000      0x10f ./common/44binit.o
 .debug_line    0x0000010f      0x49f ./common/44blib.o
 .debug_line    0x000005ae       0x95 ./8led.o
 .debug_line    0x00000643       0xbe ./button.o
 .debug_line    0x00000701       0x47 ./init_b_2018.o
 .debug_line    0x00000748       0xa8 ./led.o
 .debug_line    0x000007f0       0xcd ./main.o
 .debug_line    0x000008bd      0x1d1 ./reversi8_2019.o
 .debug_line    0x00000a8e       0x99 ./timer.o
 .debug_line    0x00000b27       0xa9 ./timer2.o

.debug_info     0x00000000      0xdb2
 .debug_info    0x00000000       0x5f ./common/44binit.o
 .debug_info    0x0000005f      0x229 ./common/44blib.o
 .debug_info    0x00000288      0x10d ./8led.o
 .debug_info    0x00000395       0x86 ./button.o
 .debug_info    0x0000041b       0x5c ./init_b_2018.o
 .debug_info    0x00000477       0xf6 ./led.o
 .debug_info    0x0000056d       0x82 ./main.o
 .debug_info    0x000005ef      0x66d ./reversi8_2019.o
 .debug_info    0x00000c5c       0x7a ./timer.o
 .debug_info    0x00000cd6       0xdc ./timer2.o

.debug_abbrev   0x00000000      0x5a6
 .debug_abbrev  0x00000000       0x14 ./common/44binit.o
 .debug_abbrev  0x00000014      0x11f ./common/44blib.o
 .debug_abbrev  0x00000133       0xa7 ./8led.o
 .debug_abbrev  0x000001da       0x67 ./button.o
 .debug_abbrev  0x00000241       0x14 ./init_b_2018.o
 .debug_abbrev  0x00000255       0x69 ./led.o
 .debug_abbrev  0x000002be       0x79 ./main.o
 .debug_abbrev  0x00000337      0x19e ./reversi8_2019.o
 .debug_abbrev  0x000004d5       0x58 ./timer.o
 .debug_abbrev  0x0000052d       0x79 ./timer2.o

.debug_aranges  0x00000000      0x140
 .debug_aranges
                0x00000000       0x20 ./common/44binit.o
 .debug_aranges
                0x00000020       0x20 ./common/44blib.o
 .debug_aranges
                0x00000040       0x20 ./8led.o
 .debug_aranges
                0x00000060       0x20 ./button.o
 .debug_aranges
                0x00000080       0x20 ./init_b_2018.o
 .debug_aranges
                0x000000a0       0x20 ./led.o
 .debug_aranges
                0x000000c0       0x20 ./main.o
 .debug_aranges
                0x000000e0       0x20 ./reversi8_2019.o
 .debug_aranges
                0x00000100       0x20 ./timer.o
 .debug_aranges
                0x00000120       0x20 ./timer2.o

.debug_macinfo  0x00000000    0x289f9
 .debug_macinfo
                0x00000000     0x8301 ./common/44blib.o
 .debug_macinfo
                0x00008301     0x50b0 ./8led.o
 .debug_macinfo
                0x0000d3b1     0x5246 ./button.o
 .debug_macinfo
                0x000125f7     0x50af ./led.o
 .debug_macinfo
                0x000176a6     0x50f4 ./main.o
 .debug_macinfo
                0x0001c79a     0x20fc ./reversi8_2019.o
 .debug_macinfo
                0x0001e896     0x50b1 ./timer.o
 .debug_macinfo
                0x00023947     0x50b2 ./timer2.o

.debug_loc      0x00000000      0x630
 .debug_loc     0x00000000      0x108 ./common/44blib.o
 .debug_loc     0x00000108       0x58 ./8led.o
 .debug_loc     0x00000160       0x58 ./button.o
 .debug_loc     0x000001b8      0x160 ./led.o
 .debug_loc     0x00000318       0x2c ./main.o
 .debug_loc     0x00000344      0x1b8 ./reversi8_2019.o
 .debug_loc     0x000004fc       0x58 ./timer.o
 .debug_loc     0x00000554       0xdc ./timer2.o

.debug_pubnames
                0x00000000      0x334
 .debug_pubnames
                0x00000000       0x90 ./common/44blib.o
 .debug_pubnames
                0x00000090       0x32 ./8led.o
 .debug_pubnames
                0x000000c2       0x35 ./button.o
 .debug_pubnames
                0x000000f7       0x7d ./led.o
 .debug_pubnames
                0x00000174       0x2b ./main.o
 .debug_pubnames
                0x0000019f       0xea ./reversi8_2019.o
 .debug_pubnames
                0x00000289       0x3f ./timer.o
 .debug_pubnames
                0x000002c8       0x6c ./timer2.o

.debug_pubtypes
                0x00000000       0x12
 .debug_pubtypes
                0x00000000       0x12 ./common/44blib.o

.debug_str      0x00000000      0x45e
 .debug_str     0x00000000      0x119 ./common/44blib.o
                                0x157 (size before relaxing)
 .debug_str     0x00000119       0x6c ./8led.o
                                 0xa5 (size before relaxing)
 .debug_str     0x00000185       0x3b ./button.o
                                 0x74 (size before relaxing)
 .debug_str     0x000001c0       0x68 ./led.o
                                 0x94 (size before relaxing)
 .debug_str     0x00000228       0x2a ./main.o
                                 0x63 (size before relaxing)
 .debug_str     0x00000252      0x165 ./reversi8_2019.o
                                0x1b6 (size before relaxing)
 .debug_str     0x000003b7       0x20 ./timer.o
                                 0x58 (size before relaxing)
 .debug_str     0x000003d7       0x87 ./timer2.o
                                 0xcf (size before relaxing)

.debug_frame    0x00000000      0x554
 .debug_frame   0x00000000       0xd0 ./common/44blib.o
 .debug_frame   0x000000d0       0x50 ./8led.o
 .debug_frame   0x00000120       0x5c ./button.o
 .debug_frame   0x0000017c      0x110 ./led.o
 .debug_frame   0x0000028c       0x30 ./main.o
 .debug_frame   0x000002bc      0x168 ./reversi8_2019.o
 .debug_frame   0x00000424       0x58 ./timer.o
 .debug_frame   0x0000047c       0xb8 ./timer2.o
 .debug_frame   0x00000534       0x20 c:/users/pjper/onedrive/escritorio/cosas/universidad/tercero/proyecto hardware/eclipsearm/sourcery-g++-lite-arm-2011.03/bin/../lib/gcc/arm-none-eabi/4.5.2\libgcc.a(_divsi3.o)
