Archive member included because of file (symbol)

c:/programas-practicas-isa/eclipsearm/sourcery-g++-lite-arm-2011.03/bin/../lib/gcc/arm-none-eabi/4.5.2\libgcc.a(_divsi3.o)
                              ./common/44blib.o (__aeabi_idiv)
c:/programas-practicas-isa/eclipsearm/sourcery-g++-lite-arm-2011.03/bin/../lib/gcc/arm-none-eabi/4.5.2\libgcc.a(_dvmd_tls.o)
                              c:/programas-practicas-isa/eclipsearm/sourcery-g++-lite-arm-2011.03/bin/../lib/gcc/arm-none-eabi/4.5.2\libgcc.a(_divsi3.o) (__aeabi_idiv0)

Allocating common symbols
Common symbol       size              file

fileSize            0x4               ./common/44blib.o
causa_fallo         0x4               ./rutinas_excepciones.o
downPt              0x4               ./common/44blib.o

Memory Configuration

Name             Origin             Length             Attributes
*default*        0x00000000         0xffffffff

Linker script and memory map

LOAD ./common/44binit.o
LOAD ./common/44blib.o
LOAD ./8led.o
LOAD ./button.o
LOAD ./cola_depuracion.o
LOAD ./led.o
LOAD ./main.o
LOAD ./main_medidas_optimizaciones.o
LOAD ./patron_volteo_arm_arm.o
LOAD ./patron_volteo_arm_arm_opt.o
LOAD ./patron_volteo_arm_c.o
LOAD ./pruebas_patron_volteo.o
LOAD ./pruebas_timer2.o
LOAD ./reversi8_2019.o
LOAD ./reversi8_2019_arm_c.o
LOAD ./reversi8_2019_c.o
LOAD ./reversi_main.o
LOAD ./rutinas_excepciones.o
LOAD ./timer.o
LOAD ./timer2.o
START GROUP
LOAD c:/programas-practicas-isa/eclipsearm/sourcery-g++-lite-arm-2011.03/bin/../lib/gcc/arm-none-eabi/4.5.2\libgcc.a
LOAD c:/programas-practicas-isa/eclipsearm/sourcery-g++-lite-arm-2011.03/bin/../lib/gcc/arm-none-eabi/4.5.2/../../../../arm-none-eabi/lib\libc.a
END GROUP
                0x0c000000                . = 0xc000000
                0x0c000000                Image_RO_Base = .

.text           0x0c000000     0x44dc
 *(.text)
 .text          0x0c000000      0x70c ./common/44binit.o
 .text          0x0c00070c      0x46c ./common/44blib.o
                0x0c00070c                Delay
                0x0c000844                DelayMs
                0x0c0008a8                Port_Init
                0x0c000a38                malloc
                0x0c000ad8                free
                0x0c000b08                sys_init
 .text          0x0c000b78       0x78 ./8led.o
                0x0c000b78                D8Led_init
                0x0c000b9c                D8Led_symbol
 .text          0x0c000bf0      0x214 ./button.o
                0x0c000bf0                button_ISR
                0x0c000cb0                button_iniciar
                0x0c000dc4                button_resetear
                0x0c000ddc                button_estado
 .text          0x0c000e04      0x350 ./cola_depuracion.o
                0x0c000e04                cola_depuracion_inicializar
                0x0c000eb0                push_debug
                0x0c001064                pop_debug
                0x0c001118                esVacia
 .text          0x0c001154      0x23c ./led.o
                0x0c001154                leds_on
                0x0c001174                leds_off
                0x0c001194                led1_on
                0x0c0011d4                led1_off
                0x0c001214                led2_on
                0x0c001254                led2_off
                0x0c001294                leds_switch
                0x0c0012d4                Led_Display
 .text          0x0c001390       0x30 ./main.o
                0x0c001390                Main
 .text          0x0c0013c0        0x0 ./main_medidas_optimizaciones.o
 .text          0x0c0013c0       0xa0 ./patron_volteo_arm_arm.o
                0x0c0013c0                patron_volteo_arm_arm
 .text          0x0c001460       0x80 ./patron_volteo_arm_arm_opt.o
                0x0c001460                patron_volteo_arm_arm_opt
 .text          0x0c0014e0       0x8c ./patron_volteo_arm_c.o
                0x0c0014e0                patron_volteo_arm_c
 .text          0x0c00156c        0x0 ./pruebas_patron_volteo.o
 .text          0x0c00156c      0x2dc ./pruebas_timer2.o
                0x0c00156c                pruebas_timer2
 .text          0x0c001848     0x2420 ./reversi8_2019.o
                0x0c001848                init_table
                0x0c001a5c                esperar_mov
                0x0c001aa0                ficha_valida
                0x0c001b54                patron_volteo
                0x0c001c68                patron_volteo_test_tiempos
                0x0c001e44                patron_volteo_test
                0x0c001f8c                voltear
                0x0c00201c                actualizar_tablero
                0x0c002114                elegir_mov
                0x0c00232c                contar
                0x0c002428                actualizar_candidatas
                0x0c002780                reversi8
                0x0c002f04                comprobarFicha
                0x0c002ff8                patron_volteo_prueba_resultado_igual
                0x0c00326c                evaluar_patron_volteo
                0x0c003358                patron_volteo_prueba_resultado_correcto
 .text          0x0c003c68        0x0 ./reversi8_2019_arm_c.o
 .text          0x0c003c68        0x0 ./reversi8_2019_c.o
 .text          0x0c003c68      0x190 ./reversi_main.o
                0x0c003c68                reversi_inicializar
                0x0c003ca8                dormir_procesador
                0x0c003cc0                Latido_ev_new_tick
                0x0c003d60                reversi_main
 .text          0x0c003df8      0x1a0 ./rutinas_excepciones.o
                0x0c003df8                __get_CPSR
                0x0c003e1c                parpadear_error
                0x0c003e5c                Gestion_excepciones
                0x0c003f3c                Gestion_excepciones_init
 .text          0x0c003f98      0x18c ./timer.o
                0x0c003f98                timer_ISR
                0x0c003fe0                timer_init
 .text          0x0c004124      0x26c ./timer2.o
                0x0c004124                timer2_ISR
                0x0c004174                timer2_inicializar
                0x0c004214                timer2_empezar
                0x0c0042b4                timer2_leer
                0x0c004354                timer2_parar
 .text          0x0c004390      0x148 c:/programas-practicas-isa/eclipsearm/sourcery-g++-lite-arm-2011.03/bin/../lib/gcc/arm-none-eabi/4.5.2\libgcc.a(_divsi3.o)
                0x0c004390                __divsi3
                0x0c004390                __aeabi_idiv
                0x0c0044b8                __aeabi_idivmod
 .text          0x0c0044d8        0x4 c:/programas-practicas-isa/eclipsearm/sourcery-g++-lite-arm-2011.03/bin/../lib/gcc/arm-none-eabi/4.5.2\libgcc.a(_dvmd_tls.o)
                0x0c0044d8                __aeabi_idiv0
                0x0c0044d8                __aeabi_ldiv0

.glue_7         0x0c0044dc        0x0
 .glue_7        0x00000000        0x0 linker stubs

.glue_7t        0x0c0044dc        0x0
 .glue_7t       0x00000000        0x0 linker stubs

.vfp11_veneer   0x0c0044dc        0x0
 .vfp11_veneer  0x00000000        0x0 linker stubs

.v4_bx          0x0c0044dc        0x0
 .v4_bx         0x00000000        0x0 linker stubs
                0x0c0044dc                . = ALIGN (0x4)
                0x0c0044dc                Image_RO_Limit = .
                0x0c0044dc                Image_RW_Base = .

.data           0x0c0044e0      0x518
 *(.data)
 .data          0x0c0044e0        0x6 ./common/44binit.o
                0x0c0044e0                BDRAMTYPE
 *fill*         0x0c0044e6        0x2 00
 .data          0x0c0044e8        0xc ./common/44blib.o
                0x0c0044e8                mallocPt
                0x0c0044ec                run
 .data          0x0c0044f4       0x44 ./8led.o
 .data          0x0c004538        0x0 ./button.o
 .data          0x0c004538        0x0 ./cola_depuracion.o
 .data          0x0c004538        0x0 ./led.o
 .data          0x0c004538        0x0 ./main.o
 .data          0x0c004538        0x0 ./main_medidas_optimizaciones.o
 .data          0x0c004538        0x0 ./patron_volteo_arm_arm.o
 .data          0x0c004538        0x0 ./patron_volteo_arm_arm_opt.o
 .data          0x0c004538        0x0 ./patron_volteo_arm_c.o
 .data          0x0c004538        0x0 ./pruebas_patron_volteo.o
 .data          0x0c004538        0x0 ./pruebas_timer2.o
 .data          0x0c004538      0x4c0 ./reversi8_2019.o
 .data          0x0c0049f8        0x0 ./reversi8_2019_arm_c.o
 .data          0x0c0049f8        0x0 ./reversi8_2019_c.o
 .data          0x0c0049f8        0x0 ./reversi_main.o
 .data          0x0c0049f8        0x0 ./rutinas_excepciones.o
 .data          0x0c0049f8        0x0 ./timer.o
 .data          0x0c0049f8        0x0 ./timer2.o
 .data          0x0c0049f8        0x0 c:/programas-practicas-isa/eclipsearm/sourcery-g++-lite-arm-2011.03/bin/../lib/gcc/arm-none-eabi/4.5.2\libgcc.a(_divsi3.o)
 .data          0x0c0049f8        0x0 c:/programas-practicas-isa/eclipsearm/sourcery-g++-lite-arm-2011.03/bin/../lib/gcc/arm-none-eabi/4.5.2\libgcc.a(_dvmd_tls.o)

.rodata         0x0c0049f8      0x2e0
 *(.rodata)
 .rodata        0x0c0049f8        0x4 ./cola_depuracion.o
                0x0c0049f8                LIMITE_INF_COLA_DEBUG
 *fill*         0x0c0049fc        0x4 00
 .rodata        0x0c004a00      0x2d8 ./reversi8_2019.o
                0x0c004a00                NO
                0x0c004a01                SI
                0x0c004a02                CASILLA_OCUPADA
                0x0c004a48                vSF
                0x0c004a50                vSC
                0x0c004cd8                Image_RW_Limit = .
                0x0c004cd8                . = ALIGN (0x4)
                0x0c004cd8                Image_ZI_Base = .

.bss            0x0c004cd8      0x130
 *(.bss)
 .bss           0x0c004cd8        0x0 ./common/44binit.o
 .bss           0x0c004cd8        0x4 ./common/44blib.o
                0x0c004cd8                restart
 .bss           0x0c004cdc        0x0 ./8led.o
 .bss           0x0c004cdc        0x8 ./button.o
 .bss           0x0c004ce4       0x18 ./cola_depuracion.o
 .bss           0x0c004cfc        0x4 ./led.o
 .bss           0x0c004d00        0x8 ./main.o
 .bss           0x0c004d08        0x0 ./main_medidas_optimizaciones.o
 .bss           0x0c004d08        0x0 ./patron_volteo_arm_arm.o
 .bss           0x0c004d08        0x0 ./patron_volteo_arm_arm_opt.o
 .bss           0x0c004d08        0x0 ./patron_volteo_arm_c.o
 .bss           0x0c004d08        0x0 ./pruebas_patron_volteo.o
 .bss           0x0c004d08        0x4 ./pruebas_timer2.o
 *fill*         0x0c004d0c        0x4 00
 .bss           0x0c004d10       0xd0 ./reversi8_2019.o
                0x0c004d58                fila
                0x0c004d59                columna
                0x0c004d5a                ready
 .bss           0x0c004de0        0x0 ./reversi8_2019_arm_c.o
 .bss           0x0c004de0        0x0 ./reversi8_2019_c.o
 .bss           0x0c004de0       0x14 ./reversi_main.o
 .bss           0x0c004df4        0x4 ./rutinas_excepciones.o
 .bss           0x0c004df8        0x0 ./timer.o
 .bss           0x0c004df8        0x4 ./timer2.o
 .bss           0x0c004dfc        0x0 c:/programas-practicas-isa/eclipsearm/sourcery-g++-lite-arm-2011.03/bin/../lib/gcc/arm-none-eabi/4.5.2\libgcc.a(_divsi3.o)
 .bss           0x0c004dfc        0x0 c:/programas-practicas-isa/eclipsearm/sourcery-g++-lite-arm-2011.03/bin/../lib/gcc/arm-none-eabi/4.5.2\libgcc.a(_dvmd_tls.o)
 COMMON         0x0c004dfc        0x8 ./common/44blib.o
                0x0c004dfc                fileSize
                0x0c004e00                downPt
 COMMON         0x0c004e04        0x4 ./rutinas_excepciones.o
                0x0c004e04                causa_fallo
                0x0c004e08                Image_ZI_Limit = .
                0x0c004e08                __bss_start__ = .
                0x0c004e08                __bss_end__ = .
                0x0c004e08                __EH_FRAME_BEGIN__ = .
                0x0c004e08                __EH_FRAME_END__ = .
                0x0c004e08                PROVIDE (__stack, .)
                0x0c004e08                end = .
                0x0c004e08                _end = .

.ARM.attributes
                0x00000000       0x2e
 .ARM.attributes
                0x00000000       0x22 ./common/44binit.o
 .ARM.attributes
                0x00000022       0x32 ./common/44blib.o
 .ARM.attributes
                0x00000054       0x32 ./8led.o
 .ARM.attributes
                0x00000086       0x32 ./button.o
 .ARM.attributes
                0x000000b8       0x32 ./cola_depuracion.o
 .ARM.attributes
                0x000000ea       0x32 ./led.o
 .ARM.attributes
                0x0000011c       0x32 ./main.o
 .ARM.attributes
                0x0000014e       0x32 ./main_medidas_optimizaciones.o
 .ARM.attributes
                0x00000180       0x22 ./patron_volteo_arm_arm.o
 .ARM.attributes
                0x000001a2       0x22 ./patron_volteo_arm_arm_opt.o
 .ARM.attributes
                0x000001c4       0x22 ./patron_volteo_arm_c.o
 .ARM.attributes
                0x000001e6       0x32 ./pruebas_patron_volteo.o
 .ARM.attributes
                0x00000218       0x32 ./pruebas_timer2.o
 .ARM.attributes
                0x0000024a       0x32 ./reversi8_2019.o
 .ARM.attributes
                0x0000027c       0x32 ./reversi8_2019_arm_c.o
 .ARM.attributes
                0x000002ae       0x32 ./reversi8_2019_c.o
 .ARM.attributes
                0x000002e0       0x32 ./reversi_main.o
 .ARM.attributes
                0x00000312       0x32 ./rutinas_excepciones.o
 .ARM.attributes
                0x00000344       0x32 ./timer.o
 .ARM.attributes
                0x00000376       0x32 ./timer2.o
 .ARM.attributes
                0x000003a8       0x1a c:/programas-practicas-isa/eclipsearm/sourcery-g++-lite-arm-2011.03/bin/../lib/gcc/arm-none-eabi/4.5.2\libgcc.a(_divsi3.o)
 .ARM.attributes
                0x000003c2       0x18 c:/programas-practicas-isa/eclipsearm/sourcery-g++-lite-arm-2011.03/bin/../lib/gcc/arm-none-eabi/4.5.2\libgcc.a(_dvmd_tls.o)

.comment        0x00000000       0x2a
 .comment       0x00000000       0x2a ./common/44blib.o
                                 0x2b (size before relaxing)
 .comment       0x00000000       0x2b ./8led.o
 .comment       0x00000000       0x2b ./button.o
 .comment       0x00000000       0x2b ./cola_depuracion.o
 .comment       0x00000000       0x2b ./led.o
 .comment       0x00000000       0x2b ./main.o
 .comment       0x00000000       0x2b ./main_medidas_optimizaciones.o
 .comment       0x00000000       0x2b ./pruebas_patron_volteo.o
 .comment       0x00000000       0x2b ./pruebas_timer2.o
 .comment       0x00000000       0x2b ./reversi8_2019.o
 .comment       0x00000000       0x2b ./reversi8_2019_arm_c.o
 .comment       0x00000000       0x2b ./reversi8_2019_c.o
 .comment       0x00000000       0x2b ./reversi_main.o
 .comment       0x00000000       0x2b ./rutinas_excepciones.o
 .comment       0x00000000       0x2b ./timer.o
 .comment       0x00000000       0x2b ./timer2.o

.debug_info     0x00000000     0x1e03
 *(.debug_info)
 .debug_info    0x00000000       0x5f ./common/44binit.o
 .debug_info    0x0000005f      0x229 ./common/44blib.o
 .debug_info    0x00000288      0x10d ./8led.o
 .debug_info    0x00000395       0xe4 ./button.o
 .debug_info    0x00000479      0x1e6 ./cola_depuracion.o
 .debug_info    0x0000065f       0xf6 ./led.o
 .debug_info    0x00000755       0xcb ./main.o
 .debug_info    0x00000820       0x29 ./main_medidas_optimizaciones.o
 .debug_info    0x00000849       0x66 ./patron_volteo_arm_arm.o
 .debug_info    0x000008af       0x6a ./patron_volteo_arm_arm_opt.o
 .debug_info    0x00000919       0x64 ./patron_volteo_arm_c.o
 .debug_info    0x0000097d       0x29 ./pruebas_patron_volteo.o
 .debug_info    0x000009a6      0x1d9 ./pruebas_timer2.o
 .debug_info    0x00000b7f      0xd9f ./reversi8_2019.o
 .debug_info    0x0000191e       0x29 ./reversi8_2019_arm_c.o
 .debug_info    0x00001947       0x29 ./reversi8_2019_c.o
 .debug_info    0x00001970      0x199 ./reversi_main.o
 .debug_info    0x00001b09      0x149 ./rutinas_excepciones.o
 .debug_info    0x00001c52       0xb4 ./timer.o
 .debug_info    0x00001d06       0xfd ./timer2.o

.debug_line     0x00000000     0x19bf
 *(.debug_line)
 .debug_line    0x00000000      0x10f ./common/44binit.o
 .debug_line    0x0000010f      0x3cf ./common/44blib.o
 .debug_line    0x000004de       0x95 ./8led.o
 .debug_line    0x00000573       0xc5 ./button.o
 .debug_line    0x00000638      0x1aa ./cola_depuracion.o
 .debug_line    0x000007e2       0xa8 ./led.o
 .debug_line    0x0000088a      0x24e ./main.o
 .debug_line    0x00000ad8       0x41 ./main_medidas_optimizaciones.o
 .debug_line    0x00000b19       0x73 ./patron_volteo_arm_arm.o
 .debug_line    0x00000b8c       0x6f ./patron_volteo_arm_arm_opt.o
 .debug_line    0x00000bfb       0x6c ./patron_volteo_arm_c.o
 .debug_line    0x00000c67       0x3b ./pruebas_patron_volteo.o
 .debug_line    0x00000ca2      0x164 ./pruebas_timer2.o
 .debug_line    0x00000e06      0x417 ./reversi8_2019.o
 .debug_line    0x0000121d       0x39 ./reversi8_2019_arm_c.o
 .debug_line    0x00001256       0x35 ./reversi8_2019_c.o
 .debug_line    0x0000128b      0x291 ./reversi_main.o
 .debug_line    0x0000151c      0x218 ./rutinas_excepciones.o
 .debug_line    0x00001734      0x1dd ./timer.o
 .debug_line    0x00001911       0xae ./timer2.o

.debug_abbrev   0x00000000      0x972
 *(.debug_abbrev)
 .debug_abbrev  0x00000000       0x14 ./common/44binit.o
 .debug_abbrev  0x00000014      0x11f ./common/44blib.o
 .debug_abbrev  0x00000133       0xa7 ./8led.o
 .debug_abbrev  0x000001da       0x96 ./button.o
 .debug_abbrev  0x00000270       0xef ./cola_depuracion.o
 .debug_abbrev  0x0000035f       0x69 ./led.o
 .debug_abbrev  0x000003c8       0x6f ./main.o
 .debug_abbrev  0x00000437       0x16 ./main_medidas_optimizaciones.o
 .debug_abbrev  0x0000044d       0x14 ./patron_volteo_arm_arm.o
 .debug_abbrev  0x00000461       0x14 ./patron_volteo_arm_arm_opt.o
 .debug_abbrev  0x00000475       0x14 ./patron_volteo_arm_c.o
 .debug_abbrev  0x00000489       0x16 ./pruebas_patron_volteo.o
 .debug_abbrev  0x0000049f       0x8e ./pruebas_timer2.o
 .debug_abbrev  0x0000052d      0x1ae ./reversi8_2019.o
 .debug_abbrev  0x000006db       0x16 ./reversi8_2019_arm_c.o
 .debug_abbrev  0x000006f1       0x16 ./reversi8_2019_c.o
 .debug_abbrev  0x00000707       0xa9 ./reversi_main.o
 .debug_abbrev  0x000007b0       0xd9 ./rutinas_excepciones.o
 .debug_abbrev  0x00000889       0x57 ./timer.o
 .debug_abbrev  0x000008e0       0x92 ./timer2.o

.debug_frame    0x00000000      0x848
 *(.debug_frame)
 .debug_frame   0x00000000       0xd0 ./common/44blib.o
 .debug_frame   0x000000d0       0x50 ./8led.o
 .debug_frame   0x00000120       0x9c ./button.o
 .debug_frame   0x000001bc       0x94 ./cola_depuracion.o
 .debug_frame   0x00000250      0x110 ./led.o
 .debug_frame   0x00000360       0x30 ./main.o
 .debug_frame   0x00000390       0x30 ./pruebas_timer2.o
 .debug_frame   0x000003c0      0x228 ./reversi8_2019.o
 .debug_frame   0x000005e8       0x90 ./reversi_main.o
 .debug_frame   0x00000678       0x9c ./rutinas_excepciones.o
 .debug_frame   0x00000714       0x5c ./timer.o
 .debug_frame   0x00000770       0xb8 ./timer2.o
 .debug_frame   0x00000828       0x20 c:/programas-practicas-isa/eclipsearm/sourcery-g++-lite-arm-2011.03/bin/../lib/gcc/arm-none-eabi/4.5.2\libgcc.a(_divsi3.o)
OUTPUT(P2_PH.elf elf32-littlearm)

.debug_aranges  0x00000000      0x200
 .debug_aranges
                0x00000000       0x20 ./common/44binit.o
 .debug_aranges
                0x00000020       0x20 ./common/44blib.o
 .debug_aranges
                0x00000040       0x20 ./8led.o
 .debug_aranges
                0x00000060       0x20 ./button.o
 .debug_aranges
                0x00000080       0x20 ./cola_depuracion.o
 .debug_aranges
                0x000000a0       0x20 ./led.o
 .debug_aranges
                0x000000c0       0x20 ./main.o
 .debug_aranges
                0x000000e0       0x20 ./patron_volteo_arm_arm.o
 .debug_aranges
                0x00000100       0x20 ./patron_volteo_arm_arm_opt.o
 .debug_aranges
                0x00000120       0x20 ./patron_volteo_arm_c.o
 .debug_aranges
                0x00000140       0x20 ./pruebas_timer2.o
 .debug_aranges
                0x00000160       0x20 ./reversi8_2019.o
 .debug_aranges
                0x00000180       0x20 ./reversi_main.o
 .debug_aranges
                0x000001a0       0x20 ./rutinas_excepciones.o
 .debug_aranges
                0x000001c0       0x20 ./timer.o
 .debug_aranges
                0x000001e0       0x20 ./timer2.o

.debug_macinfo  0x00000000    0x422b5
 .debug_macinfo
                0x00000000     0x8301 ./common/44blib.o
 .debug_macinfo
                0x00008301     0x50b0 ./8led.o
 .debug_macinfo
                0x0000d3b1     0x5246 ./button.o
 .debug_macinfo
                0x000125f7     0x29ff ./cola_depuracion.o
 .debug_macinfo
                0x00014ff6     0x50af ./led.o
 .debug_macinfo
                0x0001a0a5     0x5a4f ./main.o
 .debug_macinfo
                0x0001faf4     0x20fc ./main_medidas_optimizaciones.o
 .debug_macinfo
                0x00021bf0     0x20fc ./pruebas_patron_volteo.o
 .debug_macinfo
                0x00023cec     0x227f ./pruebas_timer2.o
 .debug_macinfo
                0x00025f6b     0x2127 ./reversi8_2019.o
 .debug_macinfo
                0x00028092     0x20fc ./reversi8_2019_arm_c.o
 .debug_macinfo
                0x0002a18e     0x20fc ./reversi8_2019_c.o
 .debug_macinfo
                0x0002c28a     0x5a62 ./reversi_main.o
 .debug_macinfo
                0x00031cec     0x5b62 ./rutinas_excepciones.o
 .debug_macinfo
                0x0003784e     0x59b5 ./timer.o
 .debug_macinfo
                0x0003d203     0x50b2 ./timer2.o

.debug_loc      0x00000000      0x9cc
 .debug_loc     0x00000000      0x108 ./common/44blib.o
 .debug_loc     0x00000108       0x58 ./8led.o
 .debug_loc     0x00000160       0xb0 ./button.o
 .debug_loc     0x00000210       0xb0 ./cola_depuracion.o
 .debug_loc     0x000002c0      0x160 ./led.o
 .debug_loc     0x00000420       0x2c ./main.o
 .debug_loc     0x0000044c       0x2c ./pruebas_timer2.o
 .debug_loc     0x00000478      0x2c0 ./reversi8_2019.o
 .debug_loc     0x00000738       0xb0 ./reversi_main.o
 .debug_loc     0x000007e8       0xb0 ./rutinas_excepciones.o
 .debug_loc     0x00000898       0x58 ./timer.o
 .debug_loc     0x000008f0       0xdc ./timer2.o

.debug_pubnames
                0x00000000      0x58c
 .debug_pubnames
                0x00000000       0x90 ./common/44blib.o
 .debug_pubnames
                0x00000090       0x32 ./8led.o
 .debug_pubnames
                0x000000c2       0x5a ./button.o
 .debug_pubnames
                0x0000011c       0x75 ./cola_depuracion.o
 .debug_pubnames
                0x00000191       0x7d ./led.o
 .debug_pubnames
                0x0000020e       0x1b ./main.o
 .debug_pubnames
                0x00000229       0x25 ./pruebas_timer2.o
 .debug_pubnames
                0x0000024e      0x1c1 ./reversi8_2019.o
 .debug_pubnames
                0x0000040f       0x68 ./reversi_main.o
 .debug_pubnames
                0x00000477       0x7a ./rutinas_excepciones.o
 .debug_pubnames
                0x000004f1       0x2f ./timer.o
 .debug_pubnames
                0x00000520       0x6c ./timer2.o

.debug_pubtypes
                0x00000000       0xe7
 .debug_pubtypes
                0x00000000       0x12 ./common/44blib.o
 .debug_pubtypes
                0x00000012       0x24 ./button.o
 .debug_pubtypes
                0x00000036       0x2b ./cola_depuracion.o
 .debug_pubtypes
                0x00000061       0x24 ./main.o
 .debug_pubtypes
                0x00000085       0x31 ./reversi_main.o
 .debug_pubtypes
                0x000000b6       0x1f ./rutinas_excepciones.o
 .debug_pubtypes
                0x000000d5       0x12 ./timer.o

.debug_str      0x00000000      0xbe5
 .debug_str     0x00000000      0x119 ./common/44blib.o
                                0x157 (size before relaxing)
 .debug_str     0x00000119       0x6c ./8led.o
                                 0xa5 (size before relaxing)
 .debug_str     0x00000185       0x86 ./button.o
                                 0xc6 (size before relaxing)
 .debug_str     0x0000020b       0xcc ./cola_depuracion.o
                                0x17c (size before relaxing)
 .debug_str     0x000002d7       0x68 ./led.o
                                 0x94 (size before relaxing)
 .debug_str     0x0000033f        0xf ./main.o
                                0x103 (size before relaxing)
 .debug_str     0x0000034e       0x21 ./main_medidas_optimizaciones.o
                                 0x4d (size before relaxing)
 .debug_str     0x0000036f       0x1b ./pruebas_patron_volteo.o
                                 0x47 (size before relaxing)
 .debug_str     0x0000038a       0x9f ./pruebas_timer2.o
                                 0xe7 (size before relaxing)
 .debug_str     0x00000429      0x5a0 ./reversi8_2019.o
                                0x60e (size before relaxing)
 .debug_str     0x000009c9       0x19 ./reversi8_2019_arm_c.o
                                 0x45 (size before relaxing)
 .debug_str     0x000009e2       0x15 ./reversi8_2019_c.o
                                 0x41 (size before relaxing)
 .debug_str     0x000009f7       0x93 ./reversi_main.o
                                0x1a1 (size before relaxing)
 .debug_str     0x00000a8a       0xa0 ./rutinas_excepciones.o
                                0x159 (size before relaxing)
 .debug_str     0x00000b2a       0x20 ./timer.o
                                 0xe4 (size before relaxing)
 .debug_str     0x00000b4a       0x9b ./timer2.o
                                 0xe3 (size before relaxing)
