Archive member included because of file (symbol)

c:/programas-practicas-isa/eclipsearm/sourcery-g++-lite-arm-2011.03/bin/../lib/gcc/arm-none-eabi/4.5.2\libgcc.a(_divsi3.o)
                              ./common/44blib.o (__aeabi_idiv)
c:/programas-practicas-isa/eclipsearm/sourcery-g++-lite-arm-2011.03/bin/../lib/gcc/arm-none-eabi/4.5.2\libgcc.a(_dvmd_tls.o)
                              c:/programas-practicas-isa/eclipsearm/sourcery-g++-lite-arm-2011.03/bin/../lib/gcc/arm-none-eabi/4.5.2\libgcc.a(_divsi3.o) (__aeabi_idiv0)

Allocating common symbols
Common symbol       size              file

blancas             0x4               ./reversi8_2019.o
f                   0x1               ./reversi8_2019.o
fileSize            0x4               ./common/44blib.o
done                0x4               ./reversi8_2019.o
c                   0x1               ./reversi8_2019.o
negras              0x4               ./reversi8_2019.o
causa_fallo         0x4               ./rutinas_excepciones.o
downPt              0x4               ./common/44blib.o

Memory Configuration

Name             Origin             Length             Attributes
*default*        0x00000000         0xffffffff

Linker script and memory map

LOAD ./common/44binit.o
LOAD ./common/44blib.o
LOAD ./8led.o
LOAD ./botones_antirebotes.o
LOAD ./button.o
LOAD ./cola_depuracion.o
LOAD ./jugada_por_botones.o
LOAD ./led.o
LOAD ./main.o
LOAD ./main_medidas_optimizaciones.o
LOAD ./patron_volteo_arm_arm.o
LOAD ./patron_volteo_arm_arm_opt.o
LOAD ./patron_volteo_arm_c.o
LOAD ./pruebas_patron_volteo.o
LOAD ./pruebas_timer2.o
LOAD ./reversi8_2019.o
LOAD ./reversi_main.o
LOAD ./rutinas_excepciones.o
LOAD ./timer.o
LOAD ./timer2.o
START GROUP
LOAD c:/programas-practicas-isa/eclipsearm/sourcery-g++-lite-arm-2011.03/bin/../lib/gcc/arm-none-eabi/4.5.2\libgcc.a
LOAD c:/programas-practicas-isa/eclipsearm/sourcery-g++-lite-arm-2011.03/bin/../lib/gcc/arm-none-eabi/4.5.2/../../../../arm-none-eabi/lib\libc.a
END GROUP
                0x0c000000                . = 0xc000000
                0x0c000000                Image_RO_Base = .

.text           0x0c000000     0x39b4
 *(.text)
 .text          0x0c000000      0x70c ./common/44binit.o
 .text          0x0c00070c      0x3f0 ./common/44blib.o
                0x0c000850                Delay
                0x0c000990                DelayMs
                0x0c000994                Port_Init
                0x0c000a5c                malloc
                0x0c000a98                free
                0x0c000aa8                sys_init
 .text          0x0c000afc       0x2c ./8led.o
                0x0c000afc                D8Led_init
                0x0c000b0c                D8Led_symbol
 .text          0x0c000b28      0x194 ./botones_antirebotes.o
                0x0c000b28                botones_antirebotes_inicializar
                0x0c000b48                antirebotes
                0x0c000c68                button_ev_pulsacion
                0x0c000c8c                button_ev_tick0
 .text          0x0c000cbc      0x1f8 ./button.o
                0x0c000cbc                button_ISR
                0x0c000d94                button_iniciar
                0x0c000e30                button_resetear
                0x0c000e60                button_estado
 .text          0x0c000eb4      0x190 ./cola_depuracion.o
                0x0c000eb4                cola_depuracion_inicializar
                0x0c000f0c                push_debug
                0x0c000fcc                pop_debug
                0x0c00102c                esVacia
 .text          0x0c001044      0x1e4 ./jugada_por_botones.o
                0x0c001044                inicializar_jugada_botones
                0x0c001084                jugada_por_botones
                0x0c001200                jugada_ev_der
                0x0c001214                jugada_ev_incrementar
 .text          0x0c001228      0x278 ./led.o
                0x0c001228                leds_on
                0x0c001268                leds_off
                0x0c00129c                led1_on
                0x0c0012e8                led1_off
                0x0c00132c                led2_on
                0x0c001388                led2_off
                0x0c0013e0                leds_switch
                0x0c001444                Led_Display
 .text          0x0c0014a0       0x38 ./main.o
                0x0c0014a0                Main
 .text          0x0c0014d8        0x0 ./main_medidas_optimizaciones.o
 .text          0x0c0014d8       0xa0 ./patron_volteo_arm_arm.o
                0x0c0014d8                patron_volteo_arm_arm
 .text          0x0c001578       0x80 ./patron_volteo_arm_arm_opt.o
                0x0c001578                patron_volteo_arm_arm_opt
 .text          0x0c0015f8       0x8c ./patron_volteo_arm_c.o
                0x0c0015f8                patron_volteo_arm_c
 .text          0x0c001684        0x0 ./pruebas_patron_volteo.o
 .text          0x0c001684      0x34c ./pruebas_timer2.o
                0x0c001684                pruebas_timer2
 .text          0x0c0019d0     0x195c ./reversi8_2019.o
                0x0c001d7c                init_table
                0x0c001f8c                ficha_valida
                0x0c001fc4                patron_volteo
                0x0c00208c                voltear
                0x0c0021e4                actualizar_tablero
                0x0c00243c                elegir_mov
                0x0c002638                contar
                0x0c00283c                actualizar_candidatas
                0x0c002948                reversi8_inicializar
                0x0c002a00                reversi8
                0x0c003310                reversi_procesar
 .text          0x0c00332c      0x1a4 ./reversi_main.o
                0x0c00332c                reversi_main_inicializar
                0x0c00336c                dormir_procesador
                0x0c003370                Latido_ev_new_tick
                0x0c0033e0                reversi_main
 .text          0x0c0034d0      0x11c ./rutinas_excepciones.o
                0x0c0034d0                __get_CPSR
                0x0c0034dc                parpadear_error
                0x0c00351c                Gestion_excepciones
                0x0c0035bc                Gestion_excepciones_init
 .text          0x0c0035ec      0x100 ./timer.o
                0x0c0035ec                timer_ISR
                0x0c00362c                timer_init
 .text          0x0c0036ec      0x17c ./timer2.o
                0x0c0036ec                timer2_ISR
                0x0c00371c                timer2_inicializar
                0x0c00377c                timer2_empezar
                0x0c0037d8                timer2_leer
                0x0c00381c                timer2_parar
 .text          0x0c003868      0x148 c:/programas-practicas-isa/eclipsearm/sourcery-g++-lite-arm-2011.03/bin/../lib/gcc/arm-none-eabi/4.5.2\libgcc.a(_divsi3.o)
                0x0c003868                __divsi3
                0x0c003868                __aeabi_idiv
                0x0c003990                __aeabi_idivmod
 .text          0x0c0039b0        0x4 c:/programas-practicas-isa/eclipsearm/sourcery-g++-lite-arm-2011.03/bin/../lib/gcc/arm-none-eabi/4.5.2\libgcc.a(_dvmd_tls.o)
                0x0c0039b0                __aeabi_idiv0
                0x0c0039b0                __aeabi_ldiv0

.glue_7         0x0c0039b4        0x0
 .glue_7        0x00000000        0x0 linker stubs

.glue_7t        0x0c0039b4        0x0
 .glue_7t       0x00000000        0x0 linker stubs

.vfp11_veneer   0x0c0039b4        0x0
 .vfp11_veneer  0x00000000        0x0 linker stubs

.v4_bx          0x0c0039b4        0x0
 .v4_bx         0x00000000        0x0 linker stubs
                0x0c0039b4                . = ALIGN (0x4)
                0x0c0039b4                Image_RO_Limit = .
                0x0c0039b4                Image_RW_Base = .

.data           0x0c0039b4       0x14
 *(.data)
 .data          0x0c0039b4        0x6 ./common/44binit.o
                0x0c0039b4                BDRAMTYPE
 *fill*         0x0c0039ba        0x2 00
 .data          0x0c0039bc        0xc ./common/44blib.o
                0x0c0039c0                mallocPt
                0x0c0039c4                run
 .data          0x0c0039c8        0x0 ./8led.o
 .data          0x0c0039c8        0x0 ./botones_antirebotes.o
 .data          0x0c0039c8        0x0 ./button.o
 .data          0x0c0039c8        0x0 ./cola_depuracion.o
 .data          0x0c0039c8        0x0 ./jugada_por_botones.o
 .data          0x0c0039c8        0x0 ./led.o
 .data          0x0c0039c8        0x0 ./main.o
 .data          0x0c0039c8        0x0 ./main_medidas_optimizaciones.o
 .data          0x0c0039c8        0x0 ./patron_volteo_arm_arm.o
 .data          0x0c0039c8        0x0 ./patron_volteo_arm_arm_opt.o
 .data          0x0c0039c8        0x0 ./patron_volteo_arm_c.o
 .data          0x0c0039c8        0x0 ./pruebas_patron_volteo.o
 .data          0x0c0039c8        0x0 ./pruebas_timer2.o
 .data          0x0c0039c8        0x0 ./reversi8_2019.o
 .data          0x0c0039c8        0x0 ./reversi_main.o
 .data          0x0c0039c8        0x0 ./rutinas_excepciones.o
 .data          0x0c0039c8        0x0 ./timer.o
 .data          0x0c0039c8        0x0 ./timer2.o
 .data          0x0c0039c8        0x0 c:/programas-practicas-isa/eclipsearm/sourcery-g++-lite-arm-2011.03/bin/../lib/gcc/arm-none-eabi/4.5.2\libgcc.a(_divsi3.o)
 .data          0x0c0039c8        0x0 c:/programas-practicas-isa/eclipsearm/sourcery-g++-lite-arm-2011.03/bin/../lib/gcc/arm-none-eabi/4.5.2\libgcc.a(_dvmd_tls.o)

.rodata         0x0c0039c8       0x98
 *(.rodata)
 .rodata        0x0c0039c8       0x44 ./8led.o
 .rodata        0x0c003a0c        0x4 ./cola_depuracion.o
                0x0c003a0c                _COLA_DEP_STARTADDRESS
 .rodata        0x0c003a10       0x50 ./reversi8_2019.o
                0x0c003a10                vSF
                0x0c003a18                vSC
                0x0c003a60                Image_RW_Limit = .
                0x0c003a60                . = ALIGN (0x4)
                0x0c003a60                Image_ZI_Base = .

.bss            0x0c003a60      0x100
 *(.bss)
 .bss           0x0c003a60        0x0 ./common/44binit.o
 .bss           0x0c003a60        0x4 ./common/44blib.o
                0x0c003a60                restart
 .bss           0x0c003a64        0x0 ./8led.o
 .bss           0x0c003a64       0x18 ./botones_antirebotes.o
 .bss           0x0c003a7c        0x0 ./button.o
 .bss           0x0c003a7c       0x14 ./cola_depuracion.o
 .bss           0x0c003a90        0xc ./jugada_por_botones.o
 .bss           0x0c003a9c        0x4 ./led.o
 .bss           0x0c003aa0        0x0 ./main.o
 .bss           0x0c003aa0        0x0 ./main_medidas_optimizaciones.o
 .bss           0x0c003aa0        0x0 ./patron_volteo_arm_arm.o
 .bss           0x0c003aa0        0x0 ./patron_volteo_arm_arm_opt.o
 .bss           0x0c003aa0        0x0 ./patron_volteo_arm_c.o
 .bss           0x0c003aa0        0x0 ./pruebas_patron_volteo.o
 .bss           0x0c003aa0        0x0 ./pruebas_timer2.o
 .bss           0x0c003aa0       0x90 ./reversi8_2019.o
                0x0c003b20                fin
                0x0c003b24                move
 .bss           0x0c003b30        0x8 ./reversi_main.o
 .bss           0x0c003b38        0x4 ./rutinas_excepciones.o
 .bss           0x0c003b3c        0x0 ./timer.o
 .bss           0x0c003b3c        0x4 ./timer2.o
 .bss           0x0c003b40        0x0 c:/programas-practicas-isa/eclipsearm/sourcery-g++-lite-arm-2011.03/bin/../lib/gcc/arm-none-eabi/4.5.2\libgcc.a(_divsi3.o)
 .bss           0x0c003b40        0x0 c:/programas-practicas-isa/eclipsearm/sourcery-g++-lite-arm-2011.03/bin/../lib/gcc/arm-none-eabi/4.5.2\libgcc.a(_dvmd_tls.o)
 COMMON         0x0c003b40        0x8 ./common/44blib.o
                0x0c003b40                fileSize
                0x0c003b44                downPt
 COMMON         0x0c003b48       0x14 ./reversi8_2019.o
                0x0c003b48                blancas
                0x0c003b4c                f
                0x0c003b50                done
                0x0c003b54                c
                0x0c003b58                negras
 COMMON         0x0c003b5c        0x4 ./rutinas_excepciones.o
                0x0c003b5c                causa_fallo
                0x0c003b60                Image_ZI_Limit = .
                0x0c003b60                __bss_start__ = .
                0x0c003b60                __bss_end__ = .
                0x0c003b60                __EH_FRAME_BEGIN__ = .
                0x0c003b60                __EH_FRAME_END__ = .
                0x0c003b60                PROVIDE (__stack, .)
                0x0c003b60                end = .
                0x0c003b60                _end = .

.ARM.attributes
                0x00000000       0x2e
 .ARM.attributes
                0x00000000       0x22 ./common/44binit.o
 .ARM.attributes
                0x00000022       0x32 ./common/44blib.o
 .ARM.attributes
                0x00000054       0x32 ./8led.o
 .ARM.attributes
                0x00000086       0x32 ./botones_antirebotes.o
 .ARM.attributes
                0x000000b8       0x32 ./button.o
 .ARM.attributes
                0x000000ea       0x32 ./cola_depuracion.o
 .ARM.attributes
                0x0000011c       0x32 ./jugada_por_botones.o
 .ARM.attributes
                0x0000014e       0x32 ./led.o
 .ARM.attributes
                0x00000180       0x32 ./main.o
 .ARM.attributes
                0x000001b2       0x32 ./main_medidas_optimizaciones.o
 .ARM.attributes
                0x000001e4       0x22 ./patron_volteo_arm_arm.o
 .ARM.attributes
                0x00000206       0x22 ./patron_volteo_arm_arm_opt.o
 .ARM.attributes
                0x00000228       0x22 ./patron_volteo_arm_c.o
 .ARM.attributes
                0x0000024a       0x32 ./pruebas_patron_volteo.o
 .ARM.attributes
                0x0000027c       0x32 ./pruebas_timer2.o
 .ARM.attributes
                0x000002ae       0x32 ./reversi8_2019.o
 .ARM.attributes
                0x000002e0       0x32 ./reversi_main.o
 .ARM.attributes
                0x00000312       0x32 ./rutinas_excepciones.o
 .ARM.attributes
                0x00000344       0x32 ./timer.o
 .ARM.attributes
                0x00000376       0x32 ./timer2.o
 .ARM.attributes
                0x000003a8       0x1a c:/programas-practicas-isa/eclipsearm/sourcery-g++-lite-arm-2011.03/bin/../lib/gcc/arm-none-eabi/4.5.2\libgcc.a(_divsi3.o)
 .ARM.attributes
                0x000003c2       0x18 c:/programas-practicas-isa/eclipsearm/sourcery-g++-lite-arm-2011.03/bin/../lib/gcc/arm-none-eabi/4.5.2\libgcc.a(_dvmd_tls.o)

.comment        0x00000000       0x2a
 .comment       0x00000000       0x2a ./common/44blib.o
                                 0x2b (size before relaxing)
 .comment       0x00000000       0x2b ./8led.o
 .comment       0x00000000       0x2b ./botones_antirebotes.o
 .comment       0x00000000       0x2b ./button.o
 .comment       0x00000000       0x2b ./cola_depuracion.o
 .comment       0x00000000       0x2b ./jugada_por_botones.o
 .comment       0x00000000       0x2b ./led.o
 .comment       0x00000000       0x2b ./main.o
 .comment       0x00000000       0x2b ./main_medidas_optimizaciones.o
 .comment       0x00000000       0x2b ./pruebas_patron_volteo.o
 .comment       0x00000000       0x2b ./pruebas_timer2.o
 .comment       0x00000000       0x2b ./reversi8_2019.o
 .comment       0x00000000       0x2b ./reversi_main.o
 .comment       0x00000000       0x2b ./rutinas_excepciones.o
 .comment       0x00000000       0x2b ./timer.o
 .comment       0x00000000       0x2b ./timer2.o

.debug_info     0x00000000     0x2282
 *(.debug_info)
 .debug_info    0x00000000       0x58 ./common/44binit.o
 .debug_info    0x00000058      0x273 ./common/44blib.o
 .debug_info    0x000002cb      0x10f ./8led.o
 .debug_info    0x000003da      0x1a6 ./botones_antirebotes.o
 .debug_info    0x00000580      0x137 ./button.o
 .debug_info    0x000006b7      0x214 ./cola_depuracion.o
 .debug_info    0x000008cb      0x100 ./jugada_por_botones.o
 .debug_info    0x000009cb      0x1b7 ./led.o
 .debug_info    0x00000b82       0x85 ./main.o
 .debug_info    0x00000c07       0x29 ./main_medidas_optimizaciones.o
 .debug_info    0x00000c30       0x5f ./patron_volteo_arm_arm.o
 .debug_info    0x00000c8f       0x63 ./patron_volteo_arm_arm_opt.o
 .debug_info    0x00000cf2       0x5d ./patron_volteo_arm_c.o
 .debug_info    0x00000d4f       0x29 ./pruebas_patron_volteo.o
 .debug_info    0x00000d78      0x16f ./pruebas_timer2.o
 .debug_info    0x00000ee7      0xe86 ./reversi8_2019.o
 .debug_info    0x00001d6d      0x1bb ./reversi_main.o
 .debug_info    0x00001f28      0x153 ./rutinas_excepciones.o
 .debug_info    0x0000207b       0xc6 ./timer.o
 .debug_info    0x00002141      0x141 ./timer2.o

.debug_line     0x00000000     0x2226
 *(.debug_line)
 .debug_line    0x00000000      0x10f ./common/44binit.o
 .debug_line    0x0000010f      0x3fb ./common/44blib.o
 .debug_line    0x0000050a       0x86 ./8led.o
 .debug_line    0x00000590      0x280 ./botones_antirebotes.o
 .debug_line    0x00000810      0x236 ./button.o
 .debug_line    0x00000a46      0x1ef ./cola_depuracion.o
 .debug_line    0x00000c35      0x15f ./jugada_por_botones.o
 .debug_line    0x00000d94      0x133 ./led.o
 .debug_line    0x00000ec7      0x249 ./main.o
 .debug_line    0x00001110       0x41 ./main_medidas_optimizaciones.o
 .debug_line    0x00001151       0x73 ./patron_volteo_arm_arm.o
 .debug_line    0x000011c4       0x6f ./patron_volteo_arm_arm_opt.o
 .debug_line    0x00001233       0x6c ./patron_volteo_arm_c.o
 .debug_line    0x0000129f       0x3b ./pruebas_patron_volteo.o
 .debug_line    0x000012da      0x143 ./pruebas_timer2.o
 .debug_line    0x0000141d      0x654 ./reversi8_2019.o
 .debug_line    0x00001a71      0x2f5 ./reversi_main.o
 .debug_line    0x00001d66      0x211 ./rutinas_excepciones.o
 .debug_line    0x00001f77      0x1f5 ./timer.o
 .debug_line    0x0000216c       0xba ./timer2.o

.debug_abbrev   0x00000000      0xcd7
 *(.debug_abbrev)
 .debug_abbrev  0x00000000       0x14 ./common/44binit.o
 .debug_abbrev  0x00000014      0x189 ./common/44blib.o
 .debug_abbrev  0x0000019d       0xae ./8led.o
 .debug_abbrev  0x0000024b       0xb0 ./botones_antirebotes.o
 .debug_abbrev  0x000002fb       0xaa ./button.o
 .debug_abbrev  0x000003a5      0x10c ./cola_depuracion.o
 .debug_abbrev  0x000004b1       0x79 ./jugada_por_botones.o
 .debug_abbrev  0x0000052a       0xab ./led.o
 .debug_abbrev  0x000005d5       0x41 ./main.o
 .debug_abbrev  0x00000616       0x16 ./main_medidas_optimizaciones.o
 .debug_abbrev  0x0000062c       0x14 ./patron_volteo_arm_arm.o
 .debug_abbrev  0x00000640       0x14 ./patron_volteo_arm_arm_opt.o
 .debug_abbrev  0x00000654       0x14 ./patron_volteo_arm_c.o
 .debug_abbrev  0x00000668       0x16 ./pruebas_patron_volteo.o
 .debug_abbrev  0x0000067e       0x97 ./pruebas_timer2.o
 .debug_abbrev  0x00000715      0x2b1 ./reversi8_2019.o
 .debug_abbrev  0x000009c6       0xd4 ./reversi_main.o
 .debug_abbrev  0x00000a9a       0xef ./rutinas_excepciones.o
 .debug_abbrev  0x00000b89       0x6c ./timer.o
 .debug_abbrev  0x00000bf5       0xe2 ./timer2.o

.debug_frame    0x00000000      0x770
 *(.debug_frame)
 .debug_frame   0x00000000       0xb8 ./common/44blib.o
 .debug_frame   0x000000b8       0x30 ./8led.o
 .debug_frame   0x000000e8       0x68 ./botones_antirebotes.o
 .debug_frame   0x00000150       0x6c ./button.o
 .debug_frame   0x000001bc       0x80 ./cola_depuracion.o
 .debug_frame   0x0000023c       0x78 ./jugada_por_botones.o
 .debug_frame   0x000002b4       0x90 ./led.o
 .debug_frame   0x00000344       0x30 ./main.o
 .debug_frame   0x00000374       0x38 ./pruebas_timer2.o
 .debug_frame   0x000003ac      0x1d8 ./reversi8_2019.o
 .debug_frame   0x00000584       0x94 ./reversi_main.o
 .debug_frame   0x00000618       0x80 ./rutinas_excepciones.o
 .debug_frame   0x00000698       0x4c ./timer.o
 .debug_frame   0x000006e4       0x6c ./timer2.o
 .debug_frame   0x00000750       0x20 c:/programas-practicas-isa/eclipsearm/sourcery-g++-lite-arm-2011.03/bin/../lib/gcc/arm-none-eabi/4.5.2\libgcc.a(_divsi3.o)
OUTPUT(P2_PH.elf elf32-littlearm)

.debug_aranges  0x00000000      0x240
 .debug_aranges
                0x00000000       0x20 ./common/44binit.o
 .debug_aranges
                0x00000020       0x20 ./common/44blib.o
 .debug_aranges
                0x00000040       0x20 ./8led.o
 .debug_aranges
                0x00000060       0x20 ./botones_antirebotes.o
 .debug_aranges
                0x00000080       0x20 ./button.o
 .debug_aranges
                0x000000a0       0x20 ./cola_depuracion.o
 .debug_aranges
                0x000000c0       0x20 ./jugada_por_botones.o
 .debug_aranges
                0x000000e0       0x20 ./led.o
 .debug_aranges
                0x00000100       0x20 ./main.o
 .debug_aranges
                0x00000120       0x20 ./patron_volteo_arm_arm.o
 .debug_aranges
                0x00000140       0x20 ./patron_volteo_arm_arm_opt.o
 .debug_aranges
                0x00000160       0x20 ./patron_volteo_arm_c.o
 .debug_aranges
                0x00000180       0x20 ./pruebas_timer2.o
 .debug_aranges
                0x000001a0       0x20 ./reversi8_2019.o
 .debug_aranges
                0x000001c0       0x20 ./reversi_main.o
 .debug_aranges
                0x000001e0       0x20 ./rutinas_excepciones.o
 .debug_aranges
                0x00000200       0x20 ./timer.o
 .debug_aranges
                0x00000220       0x20 ./timer2.o

.debug_macinfo  0x00000000    0x49747
 .debug_macinfo
                0x00000000     0x8300 ./common/44blib.o
 .debug_macinfo
                0x00008300     0x50af ./8led.o
 .debug_macinfo
                0x0000d3af     0x5a2f ./botones_antirebotes.o
 .debug_macinfo
                0x00012dde     0x5b67 ./button.o
 .debug_macinfo
                0x00018945     0x2ba5 ./cola_depuracion.o
 .debug_macinfo
                0x0001b4ea     0x5135 ./jugada_por_botones.o
 .debug_macinfo
                0x0002061f     0x50ae ./led.o
 .debug_macinfo
                0x000256cd     0x5a52 ./main.o
 .debug_macinfo
                0x0002b11f     0x20fb ./main_medidas_optimizaciones.o
 .debug_macinfo
                0x0002d21a     0x20fb ./pruebas_patron_volteo.o
 .debug_macinfo
                0x0002f315     0x227e ./pruebas_timer2.o
 .debug_macinfo
                0x00031593     0x2126 ./reversi8_2019.o
 .debug_macinfo
                0x000336b9     0x5aaa ./reversi_main.o
 .debug_macinfo
                0x00039163     0x5b61 ./rutinas_excepciones.o
 .debug_macinfo
                0x0003ecc4     0x59d2 ./timer.o
 .debug_macinfo
                0x00044696     0x50b1 ./timer2.o

.debug_loc      0x00000000     0x1ced
 .debug_loc     0x00000000      0x266 ./common/44blib.o
 .debug_loc     0x00000266       0x4e ./botones_antirebotes.o
 .debug_loc     0x000002b4       0x2c ./button.o
 .debug_loc     0x000002e0      0x12b ./cola_depuracion.o
 .debug_loc     0x0000040b       0x58 ./jugada_por_botones.o
 .debug_loc     0x00000463       0x2c ./main.o
 .debug_loc     0x0000048f       0x40 ./pruebas_timer2.o
 .debug_loc     0x000004cf     0x162c ./reversi8_2019.o
 .debug_loc     0x00001afb       0xc4 ./reversi_main.o
 .debug_loc     0x00001bbf       0x96 ./rutinas_excepciones.o
 .debug_loc     0x00001c55       0x2c ./timer.o
 .debug_loc     0x00001c81       0x6c ./timer2.o

.debug_pubnames
                0x00000000      0x5da
 .debug_pubnames
                0x00000000       0x90 ./common/44blib.o
 .debug_pubnames
                0x00000090       0x32 ./8led.o
 .debug_pubnames
                0x000000c2       0x72 ./botones_antirebotes.o
 .debug_pubnames
                0x00000134       0x5a ./button.o
 .debug_pubnames
                0x0000018e       0x76 ./cola_depuracion.o
 .debug_pubnames
                0x00000204       0x74 ./jugada_por_botones.o
 .debug_pubnames
                0x00000278       0x7d ./led.o
 .debug_pubnames
                0x000002f5       0x1b ./main.o
 .debug_pubnames
                0x00000310       0x25 ./pruebas_timer2.o
 .debug_pubnames
                0x00000335      0x123 ./reversi8_2019.o
 .debug_pubnames
                0x00000458       0x6d ./reversi_main.o
 .debug_pubnames
                0x000004c5       0x7a ./rutinas_excepciones.o
 .debug_pubnames
                0x0000053f       0x2f ./timer.o
 .debug_pubnames
                0x0000056e       0x6c ./timer2.o

.debug_pubtypes
                0x00000000      0x12f
 .debug_pubtypes
                0x00000000       0x12 ./common/44blib.o
 .debug_pubtypes
                0x00000012       0x30 ./botones_antirebotes.o
 .debug_pubtypes
                0x00000042       0x24 ./button.o
 .debug_pubtypes
                0x00000066       0x2b ./cola_depuracion.o
 .debug_pubtypes
                0x00000091       0x1e ./jugada_por_botones.o
 .debug_pubtypes
                0x000000af       0x12 ./main.o
 .debug_pubtypes
                0x000000c1       0x3d ./reversi_main.o
 .debug_pubtypes
                0x000000fe       0x1f ./rutinas_excepciones.o
 .debug_pubtypes
                0x0000011d       0x12 ./timer.o

.debug_str      0x00000000      0x9f2
 .debug_str     0x00000000      0x112 ./common/44blib.o
                                0x150 (size before relaxing)
 .debug_str     0x00000112       0x6c ./8led.o
                                 0x9e (size before relaxing)
 .debug_str     0x0000017e      0x196 ./botones_antirebotes.o
                                0x247 (size before relaxing)
 .debug_str     0x00000314       0x95 ./button.o
                                0x16c (size before relaxing)
 .debug_str     0x000003a9       0xbe ./cola_depuracion.o
                                0x167 (size before relaxing)
 .debug_str     0x00000467       0xc4 ./jugada_por_botones.o
                                0x10c (size before relaxing)
 .debug_str     0x0000052b       0x68 ./led.o
                                 0x8d (size before relaxing)
 .debug_str     0x00000593        0xf ./main.o
                                 0xb8 (size before relaxing)
 .debug_str     0x000005a2       0x21 ./main_medidas_optimizaciones.o
                                 0x46 (size before relaxing)
 .debug_str     0x000005c3       0x1b ./pruebas_patron_volteo.o
                                 0x40 (size before relaxing)
 .debug_str     0x000005de       0x9f ./pruebas_timer2.o
                                 0xd1 (size before relaxing)
 .debug_str     0x0000067d      0x172 ./reversi8_2019.o
                                0x1c9 (size before relaxing)
 .debug_str     0x000007ef       0x99 ./reversi_main.o
                                0x1cd (size before relaxing)
 .debug_str     0x00000888       0xa0 ./rutinas_excepciones.o
                                0x152 (size before relaxing)
 .debug_str     0x00000928       0x20 ./timer.o
                                0x104 (size before relaxing)
 .debug_str     0x00000948       0xaa ./timer2.o
                                 0xdc (size before relaxing)

.debug_ranges   0x00000000      0x4b0
 .debug_ranges  0x00000000       0xa0 ./led.o
 .debug_ranges  0x000000a0       0x50 ./pruebas_timer2.o
 .debug_ranges  0x000000f0      0x360 ./reversi8_2019.o
 .debug_ranges  0x00000450       0x60 ./reversi_main.o
