Archive member included because of file (symbol)

c:/programas-practicas-isa/eclipsearm/sourcery-g++-lite-arm-2011.03/bin/../lib/gcc/arm-none-eabi/4.5.2\libgcc.a(_divsi3.o)
                              ./common/44blib.o (__aeabi_idiv)
c:/programas-practicas-isa/eclipsearm/sourcery-g++-lite-arm-2011.03/bin/../lib/gcc/arm-none-eabi/4.5.2\libgcc.a(_dvmd_tls.o)
                              c:/programas-practicas-isa/eclipsearm/sourcery-g++-lite-arm-2011.03/bin/../lib/gcc/arm-none-eabi/4.5.2\libgcc.a(_divsi3.o) (__aeabi_idiv0)

Allocating common symbols
Common symbol       size              file

fileSize            0x4               ./common/44blib.o
downPt              0x4               ./common/44blib.o

Memory Configuration

Name             Origin             Length             Attributes
*default*        0x00000000         0xffffffff

Linker script and memory map

LOAD ./common/44binit.o
LOAD ./common/44blib.o
LOAD ./8led.o
LOAD ./button.o
LOAD ./led.o
LOAD ./main.o
LOAD ./main_medidas_optimizaciones.o
LOAD ./patron_volteo_arm_arm.o
LOAD ./patron_volteo_arm_arm_opt.o
LOAD ./patron_volteo_arm_c.o
LOAD ./pruebas_patron_volteo.o
LOAD ./pruebas_timer2.o
LOAD ./reversi8_2019.o
LOAD ./reversi8_2019_arm_c.o
LOAD ./reversi8_2019_c.o
LOAD ./timer.o
LOAD ./timer2.o
START GROUP
LOAD c:/programas-practicas-isa/eclipsearm/sourcery-g++-lite-arm-2011.03/bin/../lib/gcc/arm-none-eabi/4.5.2\libgcc.a
LOAD c:/programas-practicas-isa/eclipsearm/sourcery-g++-lite-arm-2011.03/bin/../lib/gcc/arm-none-eabi/4.5.2/../../../../arm-none-eabi/lib\libc.a
END GROUP
                0x0c000000                . = 0xc000000
                0x0c000000                Image_RO_Base = .

.text           0x0c000000     0x3dbc
 *(.text)
 .text          0x0c000000      0x70c ./common/44binit.o
 .text          0x0c00070c      0x46c ./common/44blib.o
                0x0c00070c                Delay
                0x0c000844                DelayMs
                0x0c0008a8                Port_Init
                0x0c000a38                malloc
                0x0c000ad8                free
                0x0c000b08                sys_init
 .text          0x0c000b78       0x78 ./8led.o
                0x0c000b78                D8Led_init
                0x0c000b9c                D8Led_symbol
 .text          0x0c000bf0      0x1d4 ./button.o
                0x0c000bf0                Eint4567_ISR
                0x0c000cb0                Eint4567_init
 .text          0x0c000dc4      0x23c ./led.o
                0x0c000dc4                leds_on
                0x0c000de4                leds_off
                0x0c000e04                led1_on
                0x0c000e44                led1_off
                0x0c000e84                led2_on
                0x0c000ec4                led2_off
                0x0c000f04                leds_switch
                0x0c000f44                Led_Display
 .text          0x0c001000       0x4c ./main.o
                0x0c001000                Main
 .text          0x0c00104c        0x0 ./main_medidas_optimizaciones.o
 .text          0x0c00104c       0xa0 ./patron_volteo_arm_arm.o
                0x0c00104c                patron_volteo_arm_arm
 .text          0x0c0010ec       0x80 ./patron_volteo_arm_arm_opt.o
                0x0c0010ec                patron_volteo_arm_arm_opt
 .text          0x0c00116c       0x8c ./patron_volteo_arm_c.o
                0x0c00116c                patron_volteo_arm_c
 .text          0x0c0011f8        0x0 ./pruebas_patron_volteo.o
 .text          0x0c0011f8      0x2dc ./pruebas_timer2.o
                0x0c0011f8                pruebas_timer2
 .text          0x0c0014d4     0x2420 ./reversi8_2019.o
                0x0c0014d4                init_table
                0x0c0016e8                esperar_mov
                0x0c00172c                ficha_valida
                0x0c0017e0                patron_volteo
                0x0c0018f4                patron_volteo_test_tiempos
                0x0c001ad0                patron_volteo_test
                0x0c001c18                voltear
                0x0c001ca8                actualizar_tablero
                0x0c001da0                elegir_mov
                0x0c001fb8                contar
                0x0c0020b4                actualizar_candidatas
                0x0c00240c                reversi8
                0x0c002b90                comprobarFicha
                0x0c002c84                patron_volteo_prueba_resultado_igual
                0x0c002ef8                evaluar_patron_volteo
                0x0c002fe4                patron_volteo_prueba_resultado_correcto
 .text          0x0c0038f4        0x0 ./reversi8_2019_arm_c.o
 .text          0x0c0038f4        0x0 ./reversi8_2019_c.o
 .text          0x0c0038f4      0x160 ./timer.o
                0x0c0038f4                timer_ISR
                0x0c00393c                timer_init
 .text          0x0c003a54      0x21c ./timer2.o
                0x0c003a54                timer2_ISR
                0x0c003aa4                timer2_inicializar
                0x0c003b44                timer2_empezar
                0x0c003be4                timer2_leer
                0x0c003c34                timer2_parar
 .text          0x0c003c70      0x148 c:/programas-practicas-isa/eclipsearm/sourcery-g++-lite-arm-2011.03/bin/../lib/gcc/arm-none-eabi/4.5.2\libgcc.a(_divsi3.o)
                0x0c003c70                __divsi3
                0x0c003c70                __aeabi_idiv
                0x0c003d98                __aeabi_idivmod
 .text          0x0c003db8        0x4 c:/programas-practicas-isa/eclipsearm/sourcery-g++-lite-arm-2011.03/bin/../lib/gcc/arm-none-eabi/4.5.2\libgcc.a(_dvmd_tls.o)
                0x0c003db8                __aeabi_idiv0
                0x0c003db8                __aeabi_ldiv0

.glue_7         0x0c003dbc        0x0
 .glue_7        0x00000000        0x0 linker stubs

.glue_7t        0x0c003dbc        0x0
 .glue_7t       0x00000000        0x0 linker stubs

.vfp11_veneer   0x0c003dbc        0x0
 .vfp11_veneer  0x00000000        0x0 linker stubs

.v4_bx          0x0c003dbc        0x0
 .v4_bx         0x00000000        0x0 linker stubs
                0x0c003dbc                . = ALIGN (0x4)
                0x0c003dbc                Image_RO_Limit = .
                0x0c003dbc                Image_RW_Base = .

.data           0x0c003dc0      0x518
 *(.data)
 .data          0x0c003dc0        0x6 ./common/44binit.o
                0x0c003dc0                BDRAMTYPE
 *fill*         0x0c003dc6        0x2 00
 .data          0x0c003dc8        0xc ./common/44blib.o
                0x0c003dc8                mallocPt
                0x0c003dcc                run
 .data          0x0c003dd4       0x44 ./8led.o
 .data          0x0c003e18        0x0 ./button.o
 .data          0x0c003e18        0x0 ./led.o
 .data          0x0c003e18        0x0 ./main.o
 .data          0x0c003e18        0x0 ./main_medidas_optimizaciones.o
 .data          0x0c003e18        0x0 ./patron_volteo_arm_arm.o
 .data          0x0c003e18        0x0 ./patron_volteo_arm_arm_opt.o
 .data          0x0c003e18        0x0 ./patron_volteo_arm_c.o
 .data          0x0c003e18        0x0 ./pruebas_patron_volteo.o
 .data          0x0c003e18        0x0 ./pruebas_timer2.o
 .data          0x0c003e18      0x4c0 ./reversi8_2019.o
 .data          0x0c0042d8        0x0 ./reversi8_2019_arm_c.o
 .data          0x0c0042d8        0x0 ./reversi8_2019_c.o
 .data          0x0c0042d8        0x0 ./timer.o
 .data          0x0c0042d8        0x0 ./timer2.o
 .data          0x0c0042d8        0x0 c:/programas-practicas-isa/eclipsearm/sourcery-g++-lite-arm-2011.03/bin/../lib/gcc/arm-none-eabi/4.5.2\libgcc.a(_divsi3.o)
 .data          0x0c0042d8        0x0 c:/programas-practicas-isa/eclipsearm/sourcery-g++-lite-arm-2011.03/bin/../lib/gcc/arm-none-eabi/4.5.2\libgcc.a(_dvmd_tls.o)

.rodata         0x0c0042d8      0x2d8
 *(.rodata)
 .rodata        0x0c0042d8      0x2d8 ./reversi8_2019.o
                0x0c0042d8                NO
                0x0c0042d9                SI
                0x0c0042da                CASILLA_OCUPADA
                0x0c004320                vSF
                0x0c004328                vSC
                0x0c0045b0                Image_RW_Limit = .
                0x0c0045b0                . = ALIGN (0x4)
                0x0c0045b0                Image_ZI_Base = .

.bss            0x0c0045b0       0xf8
 *(.bss)
 .bss           0x0c0045b0        0x0 ./common/44binit.o
 .bss           0x0c0045b0        0x4 ./common/44blib.o
                0x0c0045b0                restart
 .bss           0x0c0045b4        0x0 ./8led.o
 .bss           0x0c0045b4        0x4 ./button.o
 .bss           0x0c0045b8        0x4 ./led.o
 .bss           0x0c0045bc        0x4 ./main.o
 .bss           0x0c0045c0        0x0 ./main_medidas_optimizaciones.o
 .bss           0x0c0045c0        0x0 ./patron_volteo_arm_arm.o
 .bss           0x0c0045c0        0x0 ./patron_volteo_arm_arm_opt.o
 .bss           0x0c0045c0        0x0 ./patron_volteo_arm_c.o
 .bss           0x0c0045c0        0x0 ./pruebas_patron_volteo.o
 .bss           0x0c0045c0        0x4 ./pruebas_timer2.o
 *fill*         0x0c0045c4        0x4 00
 .bss           0x0c0045c8       0xd0 ./reversi8_2019.o
                0x0c004610                fila
                0x0c004611                columna
                0x0c004612                ready
 .bss           0x0c004698        0x0 ./reversi8_2019_arm_c.o
 .bss           0x0c004698        0x0 ./reversi8_2019_c.o
 .bss           0x0c004698        0x4 ./timer.o
                0x0c004698                switch_leds
 .bss           0x0c00469c        0x4 ./timer2.o
 .bss           0x0c0046a0        0x0 c:/programas-practicas-isa/eclipsearm/sourcery-g++-lite-arm-2011.03/bin/../lib/gcc/arm-none-eabi/4.5.2\libgcc.a(_divsi3.o)
 .bss           0x0c0046a0        0x0 c:/programas-practicas-isa/eclipsearm/sourcery-g++-lite-arm-2011.03/bin/../lib/gcc/arm-none-eabi/4.5.2\libgcc.a(_dvmd_tls.o)
 COMMON         0x0c0046a0        0x8 ./common/44blib.o
                0x0c0046a0                fileSize
                0x0c0046a4                downPt
 COMMON         0x0c0046a8        0x0 ./main.o
                0x0c0046a8                Image_ZI_Limit = .
                0x0c0046a8                __bss_start__ = .
                0x0c0046a8                __bss_end__ = .
                0x0c0046a8                __EH_FRAME_BEGIN__ = .
                0x0c0046a8                __EH_FRAME_END__ = .
                0x0c0046a8                PROVIDE (__stack, .)
                0x0c0046a8                end = .
                0x0c0046a8                _end = .

.ARM.attributes
                0x00000000       0x2e
 .ARM.attributes
                0x00000000       0x22 ./common/44binit.o
 .ARM.attributes
                0x00000022       0x32 ./common/44blib.o
 .ARM.attributes
                0x00000054       0x32 ./8led.o
 .ARM.attributes
                0x00000086       0x32 ./button.o
 .ARM.attributes
                0x000000b8       0x32 ./led.o
 .ARM.attributes
                0x000000ea       0x32 ./main.o
 .ARM.attributes
                0x0000011c       0x32 ./main_medidas_optimizaciones.o
 .ARM.attributes
                0x0000014e       0x22 ./patron_volteo_arm_arm.o
 .ARM.attributes
                0x00000170       0x22 ./patron_volteo_arm_arm_opt.o
 .ARM.attributes
                0x00000192       0x22 ./patron_volteo_arm_c.o
 .ARM.attributes
                0x000001b4       0x32 ./pruebas_patron_volteo.o
 .ARM.attributes
                0x000001e6       0x32 ./pruebas_timer2.o
 .ARM.attributes
                0x00000218       0x32 ./reversi8_2019.o
 .ARM.attributes
                0x0000024a       0x32 ./reversi8_2019_arm_c.o
 .ARM.attributes
                0x0000027c       0x32 ./reversi8_2019_c.o
 .ARM.attributes
                0x000002ae       0x32 ./timer.o
 .ARM.attributes
                0x000002e0       0x32 ./timer2.o
 .ARM.attributes
                0x00000312       0x1a c:/programas-practicas-isa/eclipsearm/sourcery-g++-lite-arm-2011.03/bin/../lib/gcc/arm-none-eabi/4.5.2\libgcc.a(_divsi3.o)
 .ARM.attributes
                0x0000032c       0x18 c:/programas-practicas-isa/eclipsearm/sourcery-g++-lite-arm-2011.03/bin/../lib/gcc/arm-none-eabi/4.5.2\libgcc.a(_dvmd_tls.o)

.comment        0x00000000       0x2a
 .comment       0x00000000       0x2a ./common/44blib.o
                                 0x2b (size before relaxing)
 .comment       0x00000000       0x2b ./8led.o
 .comment       0x00000000       0x2b ./button.o
 .comment       0x00000000       0x2b ./led.o
 .comment       0x00000000       0x2b ./main.o
 .comment       0x00000000       0x2b ./main_medidas_optimizaciones.o
 .comment       0x00000000       0x2b ./pruebas_patron_volteo.o
 .comment       0x00000000       0x2b ./pruebas_timer2.o
 .comment       0x00000000       0x2b ./reversi8_2019.o
 .comment       0x00000000       0x2b ./reversi8_2019_arm_c.o
 .comment       0x00000000       0x2b ./reversi8_2019_c.o
 .comment       0x00000000       0x2b ./timer.o
 .comment       0x00000000       0x2b ./timer2.o

.debug_info     0x00000000     0x183d
 *(.debug_info)
 .debug_info    0x00000000       0x60 ./common/44binit.o
 .debug_info    0x00000060      0x229 ./common/44blib.o
 .debug_info    0x00000289      0x10d ./8led.o
 .debug_info    0x00000396       0x86 ./button.o
 .debug_info    0x0000041c       0xf6 ./led.o
 .debug_info    0x00000512       0x82 ./main.o
 .debug_info    0x00000594       0x29 ./main_medidas_optimizaciones.o
 .debug_info    0x000005bd       0x67 ./patron_volteo_arm_arm.o
 .debug_info    0x00000624       0x6b ./patron_volteo_arm_arm_opt.o
 .debug_info    0x0000068f       0x65 ./patron_volteo_arm_c.o
 .debug_info    0x000006f4       0x29 ./pruebas_patron_volteo.o
 .debug_info    0x0000071d      0x1d9 ./pruebas_timer2.o
 .debug_info    0x000008f6      0xd9f ./reversi8_2019.o
 .debug_info    0x00001695       0x29 ./reversi8_2019_arm_c.o
 .debug_info    0x000016be       0x29 ./reversi8_2019_c.o
 .debug_info    0x000016e7       0x7a ./timer.o
 .debug_info    0x00001761       0xdc ./timer2.o

.debug_line     0x00000000     0x10d0
 *(.debug_line)
 .debug_line    0x00000000      0x10f ./common/44binit.o
 .debug_line    0x0000010f      0x3cf ./common/44blib.o
 .debug_line    0x000004de       0x96 ./8led.o
 .debug_line    0x00000574       0xc0 ./button.o
 .debug_line    0x00000634       0xa9 ./led.o
 .debug_line    0x000006dd       0xf9 ./main.o
 .debug_line    0x000007d6       0x41 ./main_medidas_optimizaciones.o
 .debug_line    0x00000817       0x73 ./patron_volteo_arm_arm.o
 .debug_line    0x0000088a       0x6f ./patron_volteo_arm_arm_opt.o
 .debug_line    0x000008f9       0x6c ./patron_volteo_arm_c.o
 .debug_line    0x00000965       0x3b ./pruebas_patron_volteo.o
 .debug_line    0x000009a0      0x165 ./pruebas_timer2.o
 .debug_line    0x00000b05      0x417 ./reversi8_2019.o
 .debug_line    0x00000f1c       0x39 ./reversi8_2019_arm_c.o
 .debug_line    0x00000f55       0x35 ./reversi8_2019_c.o
 .debug_line    0x00000f8a       0x9c ./timer.o
 .debug_line    0x00001026       0xaa ./timer2.o

.debug_abbrev   0x00000000      0x6c4
 *(.debug_abbrev)
 .debug_abbrev  0x00000000       0x14 ./common/44binit.o
 .debug_abbrev  0x00000014      0x11f ./common/44blib.o
 .debug_abbrev  0x00000133       0xa7 ./8led.o
 .debug_abbrev  0x000001da       0x67 ./button.o
 .debug_abbrev  0x00000241       0x69 ./led.o
 .debug_abbrev  0x000002aa       0x79 ./main.o
 .debug_abbrev  0x00000323       0x16 ./main_medidas_optimizaciones.o
 .debug_abbrev  0x00000339       0x14 ./patron_volteo_arm_arm.o
 .debug_abbrev  0x0000034d       0x14 ./patron_volteo_arm_arm_opt.o
 .debug_abbrev  0x00000361       0x14 ./patron_volteo_arm_c.o
 .debug_abbrev  0x00000375       0x16 ./pruebas_patron_volteo.o
 .debug_abbrev  0x0000038b       0x8e ./pruebas_timer2.o
 .debug_abbrev  0x00000419      0x1ae ./reversi8_2019.o
 .debug_abbrev  0x000005c7       0x16 ./reversi8_2019_arm_c.o
 .debug_abbrev  0x000005dd       0x16 ./reversi8_2019_c.o
 .debug_abbrev  0x000005f3       0x58 ./timer.o
 .debug_abbrev  0x0000064b       0x79 ./timer2.o

.debug_frame    0x00000000      0x644
 *(.debug_frame)
 .debug_frame   0x00000000       0xd0 ./common/44blib.o
 .debug_frame   0x000000d0       0x50 ./8led.o
 .debug_frame   0x00000120       0x5c ./button.o
 .debug_frame   0x0000017c      0x110 ./led.o
 .debug_frame   0x0000028c       0x30 ./main.o
 .debug_frame   0x000002bc       0x30 ./pruebas_timer2.o
 .debug_frame   0x000002ec      0x228 ./reversi8_2019.o
 .debug_frame   0x00000514       0x58 ./timer.o
 .debug_frame   0x0000056c       0xb8 ./timer2.o
 .debug_frame   0x00000624       0x20 c:/programas-practicas-isa/eclipsearm/sourcery-g++-lite-arm-2011.03/bin/../lib/gcc/arm-none-eabi/4.5.2\libgcc.a(_divsi3.o)
OUTPUT(Practica_2_PH.elf elf32-littlearm)

.debug_aranges  0x00000000      0x1a0
 .debug_aranges
                0x00000000       0x20 ./common/44binit.o
 .debug_aranges
                0x00000020       0x20 ./common/44blib.o
 .debug_aranges
                0x00000040       0x20 ./8led.o
 .debug_aranges
                0x00000060       0x20 ./button.o
 .debug_aranges
                0x00000080       0x20 ./led.o
 .debug_aranges
                0x000000a0       0x20 ./main.o
 .debug_aranges
                0x000000c0       0x20 ./patron_volteo_arm_arm.o
 .debug_aranges
                0x000000e0       0x20 ./patron_volteo_arm_arm_opt.o
 .debug_aranges
                0x00000100       0x20 ./patron_volteo_arm_c.o
 .debug_aranges
                0x00000120       0x20 ./pruebas_timer2.o
 .debug_aranges
                0x00000140       0x20 ./reversi8_2019.o
 .debug_aranges
                0x00000160       0x20 ./timer.o
 .debug_aranges
                0x00000180       0x20 ./timer2.o

.debug_macinfo  0x00000000    0x330c6
 .debug_macinfo
                0x00000000     0x8301 ./common/44blib.o
 .debug_macinfo
                0x00008301     0x50b0 ./8led.o
 .debug_macinfo
                0x0000d3b1     0x5246 ./button.o
 .debug_macinfo
                0x000125f7     0x50af ./led.o
 .debug_macinfo
                0x000176a6     0x5127 ./main.o
 .debug_macinfo
                0x0001c7cd     0x20fc ./main_medidas_optimizaciones.o
 .debug_macinfo
                0x0001e8c9     0x20fc ./pruebas_patron_volteo.o
 .debug_macinfo
                0x000209c5     0x227f ./pruebas_timer2.o
 .debug_macinfo
                0x00022c44     0x2127 ./reversi8_2019.o
 .debug_macinfo
                0x00024d6b     0x20fc ./reversi8_2019_arm_c.o
 .debug_macinfo
                0x00026e67     0x20fc ./reversi8_2019_c.o
 .debug_macinfo
                0x00028f63     0x50b1 ./timer.o
 .debug_macinfo
                0x0002e014     0x50b2 ./timer2.o

.debug_loc      0x00000000      0x764
 .debug_loc     0x00000000      0x108 ./common/44blib.o
 .debug_loc     0x00000108       0x58 ./8led.o
 .debug_loc     0x00000160       0x58 ./button.o
 .debug_loc     0x000001b8      0x160 ./led.o
 .debug_loc     0x00000318       0x2c ./main.o
 .debug_loc     0x00000344       0x2c ./pruebas_timer2.o
 .debug_loc     0x00000370      0x2c0 ./reversi8_2019.o
 .debug_loc     0x00000630       0x58 ./timer.o
 .debug_loc     0x00000688       0xdc ./timer2.o

.debug_pubnames
                0x00000000      0x430
 .debug_pubnames
                0x00000000       0x90 ./common/44blib.o
 .debug_pubnames
                0x00000090       0x32 ./8led.o
 .debug_pubnames
                0x000000c2       0x35 ./button.o
 .debug_pubnames
                0x000000f7       0x7d ./led.o
 .debug_pubnames
                0x00000174       0x2b ./main.o
 .debug_pubnames
                0x0000019f       0x25 ./pruebas_timer2.o
 .debug_pubnames
                0x000001c4      0x1c1 ./reversi8_2019.o
 .debug_pubnames
                0x00000385       0x3f ./timer.o
 .debug_pubnames
                0x000003c4       0x6c ./timer2.o

.debug_pubtypes
                0x00000000       0x12
 .debug_pubtypes
                0x00000000       0x12 ./common/44blib.o

.debug_str      0x00000000      0x9a3
 .debug_str     0x00000000      0x11a ./common/44blib.o
                                0x158 (size before relaxing)
 .debug_str     0x0000011a       0x6c ./8led.o
                                 0xa6 (size before relaxing)
 .debug_str     0x00000186       0x3b ./button.o
                                 0x75 (size before relaxing)
 .debug_str     0x000001c1       0x68 ./led.o
                                 0x95 (size before relaxing)
 .debug_str     0x00000229       0x2a ./main.o
                                 0x64 (size before relaxing)
 .debug_str     0x00000253       0x21 ./main_medidas_optimizaciones.o
                                 0x4e (size before relaxing)
 .debug_str     0x00000274       0x1b ./pruebas_patron_volteo.o
                                 0x48 (size before relaxing)
 .debug_str     0x0000028f       0x9f ./pruebas_timer2.o
                                 0xe8 (size before relaxing)
 .debug_str     0x0000032e      0x5a0 ./reversi8_2019.o
                                0x60f (size before relaxing)
 .debug_str     0x000008ce       0x19 ./reversi8_2019_arm_c.o
                                 0x46 (size before relaxing)
 .debug_str     0x000008e7       0x15 ./reversi8_2019_c.o
                                 0x42 (size before relaxing)
 .debug_str     0x000008fc       0x20 ./timer.o
                                 0x59 (size before relaxing)
 .debug_str     0x0000091c       0x87 ./timer2.o
                                 0xd0 (size before relaxing)
