   1              		.cpu arm7tdmi
   2              		.fpu softvfp
   3              		.eabi_attribute 20, 1
   4              		.eabi_attribute 21, 1
   5              		.eabi_attribute 23, 3
   6              		.eabi_attribute 24, 1
   7              		.eabi_attribute 25, 1
   8              		.eabi_attribute 26, 1
   9              		.eabi_attribute 30, 2
  10              		.eabi_attribute 18, 4
  11              		.file	"pruebas_timer2.c"
  21              	.Ltext0:
  22              		.file 1 "../pruebas_timer2.c"
 1022              		.align	2
 1023              		.global	pruebas_timer2
 1025              	pruebas_timer2:
 1026              	.LFB0:
   1:../pruebas_timer2.c **** /*********************************************************************************************
   2:../pruebas_timer2.c **** * Fichero:	pruebas_timer2.c
   3:../pruebas_timer2.c **** * Autor:	Fernando Peña Bes (NIA: 756012)
   4:../pruebas_timer2.c **** 			Pedro José Pérez García (NIA: 756642)
   5:../pruebas_timer2.c **** * Descrip:	Fichero de pruebas para el timer2. Realiza 10 medidas de tiempo para los casos de 1ms, 1
   6:../pruebas_timer2.c **** 			También calcula el valor medio de las 10 mediciones de cada caso
   7:../pruebas_timer2.c **** * Version:
   8:../pruebas_timer2.c **** *********************************************************************************************/
   9:../pruebas_timer2.c **** 
  10:../pruebas_timer2.c **** /*--- ficheros de cabecera ---*/
  11:../pruebas_timer2.c **** #include "pruebas_timer2.h"
  12:../pruebas_timer2.c **** 
  13:../pruebas_timer2.c **** /*--- codigo de funciones ---*/
  14:../pruebas_timer2.c **** void pruebas_timer2(void) {
 1027              		.loc 1 14 0
 1028              		.cfi_startproc
 1029              		@ Function supports interworking.
 1030              		@ args = 0, pretend = 0, frame = 0
 1031              		@ frame_needed = 1, uses_anonymous_args = 0
 1032 0000 0DC0A0E1 		mov	ip, sp
 1033              	.LCFI0:
 1034              		.cfi_def_cfa_register 12
 1035 0004 30D82DE9 		stmfd	sp!, {r4, r5, fp, ip, lr, pc}
 1036 0008 04B04CE2 		sub	fp, ip, #4
 1037              		.cfi_offset 14, -8
 1038              		.cfi_offset 13, -12
 1039              		.cfi_offset 11, -16
 1040              		.cfi_offset 5, -20
 1041              		.cfi_offset 4, -24
 1042              	.LCFI1:
 1043              		.cfi_def_cfa 11, 4
  15:../pruebas_timer2.c **** 	timer2_inicializar();	//Para la prueba se inicializa el timer2
 1044              		.loc 1 15 0
 1045 000c FEFFFFEB 		bl	timer2_inicializar
 1046              	.LVL0:
 1047              	.LBB2:
  16:../pruebas_timer2.c **** 
  17:../pruebas_timer2.c **** 	int i;
  18:../pruebas_timer2.c **** 	unsigned int suma_1ms = 0;
  19:../pruebas_timer2.c **** 	unsigned int medidas_1ms[10];
  20:../pruebas_timer2.c **** 	for(i=0; i < 10; i = i + 1)
  21:../pruebas_timer2.c **** 	{
  22:../pruebas_timer2.c **** 		timer2_empezar();
 1048              		.loc 1 22 0
 1049 0010 FEFFFFEB 		bl	timer2_empezar
  23:../pruebas_timer2.c **** 		unsigned int t_0 = timer2_leer();
 1050              		.loc 1 23 0
 1051 0014 FEFFFFEB 		bl	timer2_leer
  24:../pruebas_timer2.c **** 		Delay(10);
 1052              		.loc 1 24 0
 1053 0018 0A00A0E3 		mov	r0, #10
 1054 001c FEFFFFEB 		bl	Delay
  25:../pruebas_timer2.c **** 		unsigned int t_1 = timer2_parar();
 1055              		.loc 1 25 0
 1056 0020 FEFFFFEB 		bl	timer2_parar
 1057              	.LVL1:
  22:../pruebas_timer2.c **** 		timer2_empezar();
 1058              		.loc 1 22 0
 1059 0024 FEFFFFEB 		bl	timer2_empezar
  23:../pruebas_timer2.c **** 		unsigned int t_0 = timer2_leer();
 1060              		.loc 1 23 0
 1061 0028 FEFFFFEB 		bl	timer2_leer
  24:../pruebas_timer2.c **** 		Delay(10);
 1062              		.loc 1 24 0
 1063 002c 0A00A0E3 		mov	r0, #10
 1064 0030 FEFFFFEB 		bl	Delay
 1065              		.loc 1 25 0
 1066 0034 FEFFFFEB 		bl	timer2_parar
  22:../pruebas_timer2.c **** 		timer2_empezar();
 1067              		.loc 1 22 0
 1068 0038 FEFFFFEB 		bl	timer2_empezar
  23:../pruebas_timer2.c **** 		unsigned int t_0 = timer2_leer();
 1069              		.loc 1 23 0
 1070 003c FEFFFFEB 		bl	timer2_leer
  24:../pruebas_timer2.c **** 		Delay(10);
 1071              		.loc 1 24 0
 1072 0040 0A00A0E3 		mov	r0, #10
 1073 0044 FEFFFFEB 		bl	Delay
 1074              		.loc 1 25 0
 1075 0048 FEFFFFEB 		bl	timer2_parar
  22:../pruebas_timer2.c **** 		timer2_empezar();
 1076              		.loc 1 22 0
 1077 004c FEFFFFEB 		bl	timer2_empezar
  23:../pruebas_timer2.c **** 		unsigned int t_0 = timer2_leer();
 1078              		.loc 1 23 0
 1079 0050 FEFFFFEB 		bl	timer2_leer
  24:../pruebas_timer2.c **** 		Delay(10);
 1080              		.loc 1 24 0
 1081 0054 0A00A0E3 		mov	r0, #10
 1082 0058 FEFFFFEB 		bl	Delay
 1083              		.loc 1 25 0
 1084 005c FEFFFFEB 		bl	timer2_parar
  22:../pruebas_timer2.c **** 		timer2_empezar();
 1085              		.loc 1 22 0
 1086 0060 FEFFFFEB 		bl	timer2_empezar
  23:../pruebas_timer2.c **** 		unsigned int t_0 = timer2_leer();
 1087              		.loc 1 23 0
 1088 0064 FEFFFFEB 		bl	timer2_leer
  24:../pruebas_timer2.c **** 		Delay(10);
 1089              		.loc 1 24 0
 1090 0068 0A00A0E3 		mov	r0, #10
 1091 006c FEFFFFEB 		bl	Delay
 1092              		.loc 1 25 0
 1093 0070 FEFFFFEB 		bl	timer2_parar
  22:../pruebas_timer2.c **** 		timer2_empezar();
 1094              		.loc 1 22 0
 1095 0074 FEFFFFEB 		bl	timer2_empezar
  23:../pruebas_timer2.c **** 		unsigned int t_0 = timer2_leer();
 1096              		.loc 1 23 0
 1097 0078 FEFFFFEB 		bl	timer2_leer
  24:../pruebas_timer2.c **** 		Delay(10);
 1098              		.loc 1 24 0
 1099 007c 0A00A0E3 		mov	r0, #10
 1100 0080 FEFFFFEB 		bl	Delay
 1101              		.loc 1 25 0
 1102 0084 FEFFFFEB 		bl	timer2_parar
  22:../pruebas_timer2.c **** 		timer2_empezar();
 1103              		.loc 1 22 0
 1104 0088 FEFFFFEB 		bl	timer2_empezar
  23:../pruebas_timer2.c **** 		unsigned int t_0 = timer2_leer();
 1105              		.loc 1 23 0
 1106 008c FEFFFFEB 		bl	timer2_leer
  24:../pruebas_timer2.c **** 		Delay(10);
 1107              		.loc 1 24 0
 1108 0090 0A00A0E3 		mov	r0, #10
 1109 0094 FEFFFFEB 		bl	Delay
 1110              		.loc 1 25 0
 1111 0098 FEFFFFEB 		bl	timer2_parar
  22:../pruebas_timer2.c **** 		timer2_empezar();
 1112              		.loc 1 22 0
 1113 009c FEFFFFEB 		bl	timer2_empezar
  23:../pruebas_timer2.c **** 		unsigned int t_0 = timer2_leer();
 1114              		.loc 1 23 0
 1115 00a0 FEFFFFEB 		bl	timer2_leer
  24:../pruebas_timer2.c **** 		Delay(10);
 1116              		.loc 1 24 0
 1117 00a4 0A00A0E3 		mov	r0, #10
 1118 00a8 FEFFFFEB 		bl	Delay
 1119              		.loc 1 25 0
 1120 00ac FEFFFFEB 		bl	timer2_parar
  22:../pruebas_timer2.c **** 		timer2_empezar();
 1121              		.loc 1 22 0
 1122 00b0 FEFFFFEB 		bl	timer2_empezar
  23:../pruebas_timer2.c **** 		unsigned int t_0 = timer2_leer();
 1123              		.loc 1 23 0
 1124 00b4 FEFFFFEB 		bl	timer2_leer
  24:../pruebas_timer2.c **** 		Delay(10);
 1125              		.loc 1 24 0
 1126 00b8 0A00A0E3 		mov	r0, #10
 1127 00bc FEFFFFEB 		bl	Delay
 1128              		.loc 1 25 0
 1129 00c0 FEFFFFEB 		bl	timer2_parar
  22:../pruebas_timer2.c **** 		timer2_empezar();
 1130              		.loc 1 22 0
 1131 00c4 FEFFFFEB 		bl	timer2_empezar
  23:../pruebas_timer2.c **** 		unsigned int t_0 = timer2_leer();
 1132              		.loc 1 23 0
 1133 00c8 FEFFFFEB 		bl	timer2_leer
  24:../pruebas_timer2.c **** 		Delay(10);
 1134              		.loc 1 24 0
 1135 00cc 0A00A0E3 		mov	r0, #10
 1136 00d0 FEFFFFEB 		bl	Delay
 1137              		.loc 1 25 0
 1138 00d4 FEFFFFEB 		bl	timer2_parar
 1139              	.LBE2:
 1140              	.LBB3:
  26:../pruebas_timer2.c **** 		medidas_1ms[i] = t_1 - t_0;
  27:../pruebas_timer2.c **** 		suma_1ms += medidas_1ms[i];
  28:../pruebas_timer2.c **** 	}
  29:../pruebas_timer2.c **** 	unsigned int media_1ms = suma_1ms / 10;
  30:../pruebas_timer2.c **** 
  31:../pruebas_timer2.c **** 	unsigned int suma_10ms = 0;
  32:../pruebas_timer2.c **** 	unsigned int medidas_10ms[10];
  33:../pruebas_timer2.c **** 	for(i=0; i < 10; i = i + 1)
  34:../pruebas_timer2.c **** 	{
  35:../pruebas_timer2.c **** 		timer2_empezar();
 1141              		.loc 1 35 0
 1142 00d8 FEFFFFEB 		bl	timer2_empezar
  36:../pruebas_timer2.c **** 		unsigned int t_0 = timer2_leer();
 1143              		.loc 1 36 0
 1144 00dc FEFFFFEB 		bl	timer2_leer
  37:../pruebas_timer2.c **** 		Delay(100);
 1145              		.loc 1 37 0
 1146 00e0 6400A0E3 		mov	r0, #100
 1147 00e4 FEFFFFEB 		bl	Delay
  38:../pruebas_timer2.c **** 		unsigned int t_1 = timer2_parar();
 1148              		.loc 1 38 0
 1149 00e8 FEFFFFEB 		bl	timer2_parar
  35:../pruebas_timer2.c **** 		timer2_empezar();
 1150              		.loc 1 35 0
 1151 00ec FEFFFFEB 		bl	timer2_empezar
  36:../pruebas_timer2.c **** 		unsigned int t_0 = timer2_leer();
 1152              		.loc 1 36 0
 1153 00f0 FEFFFFEB 		bl	timer2_leer
  37:../pruebas_timer2.c **** 		Delay(100);
 1154              		.loc 1 37 0
 1155 00f4 6400A0E3 		mov	r0, #100
 1156 00f8 FEFFFFEB 		bl	Delay
 1157              		.loc 1 38 0
 1158 00fc FEFFFFEB 		bl	timer2_parar
  35:../pruebas_timer2.c **** 		timer2_empezar();
 1159              		.loc 1 35 0
 1160 0100 FEFFFFEB 		bl	timer2_empezar
  36:../pruebas_timer2.c **** 		unsigned int t_0 = timer2_leer();
 1161              		.loc 1 36 0
 1162 0104 FEFFFFEB 		bl	timer2_leer
  37:../pruebas_timer2.c **** 		Delay(100);
 1163              		.loc 1 37 0
 1164 0108 6400A0E3 		mov	r0, #100
 1165 010c FEFFFFEB 		bl	Delay
 1166              		.loc 1 38 0
 1167 0110 FEFFFFEB 		bl	timer2_parar
  35:../pruebas_timer2.c **** 		timer2_empezar();
 1168              		.loc 1 35 0
 1169 0114 FEFFFFEB 		bl	timer2_empezar
  36:../pruebas_timer2.c **** 		unsigned int t_0 = timer2_leer();
 1170              		.loc 1 36 0
 1171 0118 FEFFFFEB 		bl	timer2_leer
  37:../pruebas_timer2.c **** 		Delay(100);
 1172              		.loc 1 37 0
 1173 011c 6400A0E3 		mov	r0, #100
 1174 0120 FEFFFFEB 		bl	Delay
 1175              		.loc 1 38 0
 1176 0124 FEFFFFEB 		bl	timer2_parar
  35:../pruebas_timer2.c **** 		timer2_empezar();
 1177              		.loc 1 35 0
 1178 0128 FEFFFFEB 		bl	timer2_empezar
  36:../pruebas_timer2.c **** 		unsigned int t_0 = timer2_leer();
 1179              		.loc 1 36 0
 1180 012c FEFFFFEB 		bl	timer2_leer
  37:../pruebas_timer2.c **** 		Delay(100);
 1181              		.loc 1 37 0
 1182 0130 6400A0E3 		mov	r0, #100
 1183 0134 FEFFFFEB 		bl	Delay
 1184              		.loc 1 38 0
 1185 0138 FEFFFFEB 		bl	timer2_parar
  35:../pruebas_timer2.c **** 		timer2_empezar();
 1186              		.loc 1 35 0
 1187 013c FEFFFFEB 		bl	timer2_empezar
  36:../pruebas_timer2.c **** 		unsigned int t_0 = timer2_leer();
 1188              		.loc 1 36 0
 1189 0140 FEFFFFEB 		bl	timer2_leer
  37:../pruebas_timer2.c **** 		Delay(100);
 1190              		.loc 1 37 0
 1191 0144 6400A0E3 		mov	r0, #100
 1192 0148 FEFFFFEB 		bl	Delay
 1193              		.loc 1 38 0
 1194 014c FEFFFFEB 		bl	timer2_parar
  35:../pruebas_timer2.c **** 		timer2_empezar();
 1195              		.loc 1 35 0
 1196 0150 FEFFFFEB 		bl	timer2_empezar
  36:../pruebas_timer2.c **** 		unsigned int t_0 = timer2_leer();
 1197              		.loc 1 36 0
 1198 0154 FEFFFFEB 		bl	timer2_leer
  37:../pruebas_timer2.c **** 		Delay(100);
 1199              		.loc 1 37 0
 1200 0158 6400A0E3 		mov	r0, #100
 1201 015c FEFFFFEB 		bl	Delay
 1202              		.loc 1 38 0
 1203 0160 FEFFFFEB 		bl	timer2_parar
  35:../pruebas_timer2.c **** 		timer2_empezar();
 1204              		.loc 1 35 0
 1205 0164 FEFFFFEB 		bl	timer2_empezar
  36:../pruebas_timer2.c **** 		unsigned int t_0 = timer2_leer();
 1206              		.loc 1 36 0
 1207 0168 FEFFFFEB 		bl	timer2_leer
  37:../pruebas_timer2.c **** 		Delay(100);
 1208              		.loc 1 37 0
 1209 016c 6400A0E3 		mov	r0, #100
 1210              	.LBE3:
 1211              	.LBB4:
  39:../pruebas_timer2.c **** 		medidas_10ms[i] = t_1 - t_0;
  40:../pruebas_timer2.c **** 		suma_10ms += medidas_10ms[i];
  41:../pruebas_timer2.c **** 	}
  42:../pruebas_timer2.c **** 	unsigned int media_10ms = suma_10ms / 10;
  43:../pruebas_timer2.c **** 
  44:../pruebas_timer2.c **** 	unsigned int suma_1s = 0;
  45:../pruebas_timer2.c **** 	unsigned int medidas_1s[10];
  46:../pruebas_timer2.c **** 	for(i=0; i < 10; i = i + 1)
  47:../pruebas_timer2.c **** 	{
  48:../pruebas_timer2.c **** 		timer2_empezar();
  49:../pruebas_timer2.c **** 		unsigned int t_0 = timer2_leer();
  50:../pruebas_timer2.c **** 		Delay(10000);
 1212              		.loc 1 50 0
 1213 0170 CC519FE5 		ldr	r5, .L2
 1214              	.LBE4:
 1215              	.LBB5:
  37:../pruebas_timer2.c **** 		Delay(100);
 1216              		.loc 1 37 0
 1217 0174 FEFFFFEB 		bl	Delay
  38:../pruebas_timer2.c **** 		unsigned int t_1 = timer2_parar();
 1218              		.loc 1 38 0
 1219 0178 FEFFFFEB 		bl	timer2_parar
  35:../pruebas_timer2.c **** 		timer2_empezar();
 1220              		.loc 1 35 0
 1221 017c FEFFFFEB 		bl	timer2_empezar
  36:../pruebas_timer2.c **** 		unsigned int t_0 = timer2_leer();
 1222              		.loc 1 36 0
 1223 0180 FEFFFFEB 		bl	timer2_leer
  37:../pruebas_timer2.c **** 		Delay(100);
 1224              		.loc 1 37 0
 1225 0184 6400A0E3 		mov	r0, #100
 1226 0188 FEFFFFEB 		bl	Delay
  38:../pruebas_timer2.c **** 		unsigned int t_1 = timer2_parar();
 1227              		.loc 1 38 0
 1228 018c FEFFFFEB 		bl	timer2_parar
  35:../pruebas_timer2.c **** 		timer2_empezar();
 1229              		.loc 1 35 0
 1230 0190 FEFFFFEB 		bl	timer2_empezar
  36:../pruebas_timer2.c **** 		unsigned int t_0 = timer2_leer();
 1231              		.loc 1 36 0
 1232 0194 FEFFFFEB 		bl	timer2_leer
  37:../pruebas_timer2.c **** 		Delay(100);
 1233              		.loc 1 37 0
 1234 0198 6400A0E3 		mov	r0, #100
 1235 019c FEFFFFEB 		bl	Delay
  38:../pruebas_timer2.c **** 		unsigned int t_1 = timer2_parar();
 1236              		.loc 1 38 0
 1237 01a0 FEFFFFEB 		bl	timer2_parar
 1238              	.LBE5:
 1239              	.LBB6:
  48:../pruebas_timer2.c **** 		timer2_empezar();
 1240              		.loc 1 48 0
 1241 01a4 FEFFFFEB 		bl	timer2_empezar
  49:../pruebas_timer2.c **** 		unsigned int t_0 = timer2_leer();
 1242              		.loc 1 49 0
 1243 01a8 FEFFFFEB 		bl	timer2_leer
 1244              		.loc 1 50 0
 1245 01ac 0500A0E1 		mov	r0, r5
 1246 01b0 FEFFFFEB 		bl	Delay
  51:../pruebas_timer2.c **** 		unsigned int t_1 = timer2_parar();
 1247              		.loc 1 51 0
 1248 01b4 FEFFFFEB 		bl	timer2_parar
  48:../pruebas_timer2.c **** 		timer2_empezar();
 1249              		.loc 1 48 0
 1250 01b8 FEFFFFEB 		bl	timer2_empezar
  49:../pruebas_timer2.c **** 		unsigned int t_0 = timer2_leer();
 1251              		.loc 1 49 0
 1252 01bc FEFFFFEB 		bl	timer2_leer
  50:../pruebas_timer2.c **** 		Delay(10000);
 1253              		.loc 1 50 0
 1254 01c0 0500A0E1 		mov	r0, r5
 1255 01c4 FEFFFFEB 		bl	Delay
 1256              		.loc 1 51 0
 1257 01c8 FEFFFFEB 		bl	timer2_parar
  48:../pruebas_timer2.c **** 		timer2_empezar();
 1258              		.loc 1 48 0
 1259 01cc FEFFFFEB 		bl	timer2_empezar
  49:../pruebas_timer2.c **** 		unsigned int t_0 = timer2_leer();
 1260              		.loc 1 49 0
 1261 01d0 FEFFFFEB 		bl	timer2_leer
  50:../pruebas_timer2.c **** 		Delay(10000);
 1262              		.loc 1 50 0
 1263 01d4 0500A0E1 		mov	r0, r5
 1264 01d8 FEFFFFEB 		bl	Delay
 1265              		.loc 1 51 0
 1266 01dc FEFFFFEB 		bl	timer2_parar
  48:../pruebas_timer2.c **** 		timer2_empezar();
 1267              		.loc 1 48 0
 1268 01e0 FEFFFFEB 		bl	timer2_empezar
  49:../pruebas_timer2.c **** 		unsigned int t_0 = timer2_leer();
 1269              		.loc 1 49 0
 1270 01e4 FEFFFFEB 		bl	timer2_leer
  50:../pruebas_timer2.c **** 		Delay(10000);
 1271              		.loc 1 50 0
 1272 01e8 0500A0E1 		mov	r0, r5
 1273 01ec FEFFFFEB 		bl	Delay
 1274              		.loc 1 51 0
 1275 01f0 FEFFFFEB 		bl	timer2_parar
  48:../pruebas_timer2.c **** 		timer2_empezar();
 1276              		.loc 1 48 0
 1277 01f4 FEFFFFEB 		bl	timer2_empezar
  49:../pruebas_timer2.c **** 		unsigned int t_0 = timer2_leer();
 1278              		.loc 1 49 0
 1279 01f8 FEFFFFEB 		bl	timer2_leer
  50:../pruebas_timer2.c **** 		Delay(10000);
 1280              		.loc 1 50 0
 1281 01fc 0500A0E1 		mov	r0, r5
 1282 0200 FEFFFFEB 		bl	Delay
 1283              		.loc 1 51 0
 1284 0204 FEFFFFEB 		bl	timer2_parar
  48:../pruebas_timer2.c **** 		timer2_empezar();
 1285              		.loc 1 48 0
 1286 0208 FEFFFFEB 		bl	timer2_empezar
  49:../pruebas_timer2.c **** 		unsigned int t_0 = timer2_leer();
 1287              		.loc 1 49 0
 1288 020c FEFFFFEB 		bl	timer2_leer
  50:../pruebas_timer2.c **** 		Delay(10000);
 1289              		.loc 1 50 0
 1290 0210 0500A0E1 		mov	r0, r5
 1291 0214 FEFFFFEB 		bl	Delay
 1292              		.loc 1 51 0
 1293 0218 FEFFFFEB 		bl	timer2_parar
  48:../pruebas_timer2.c **** 		timer2_empezar();
 1294              		.loc 1 48 0
 1295 021c FEFFFFEB 		bl	timer2_empezar
  49:../pruebas_timer2.c **** 		unsigned int t_0 = timer2_leer();
 1296              		.loc 1 49 0
 1297 0220 FEFFFFEB 		bl	timer2_leer
  50:../pruebas_timer2.c **** 		Delay(10000);
 1298              		.loc 1 50 0
 1299 0224 0500A0E1 		mov	r0, r5
 1300 0228 FEFFFFEB 		bl	Delay
 1301              		.loc 1 51 0
 1302 022c FEFFFFEB 		bl	timer2_parar
  48:../pruebas_timer2.c **** 		timer2_empezar();
 1303              		.loc 1 48 0
 1304 0230 FEFFFFEB 		bl	timer2_empezar
  49:../pruebas_timer2.c **** 		unsigned int t_0 = timer2_leer();
 1305              		.loc 1 49 0
 1306 0234 FEFFFFEB 		bl	timer2_leer
  50:../pruebas_timer2.c **** 		Delay(10000);
 1307              		.loc 1 50 0
 1308 0238 0500A0E1 		mov	r0, r5
 1309              	.LBE6:
 1310              	.LBB7:
  52:../pruebas_timer2.c **** 		medidas_1s[i] = t_1 - t_0;
  53:../pruebas_timer2.c **** 		suma_1s += medidas_1s[i];
  54:../pruebas_timer2.c **** 	}
  55:../pruebas_timer2.c **** 	unsigned int media_1s = suma_1s / 10;
  56:../pruebas_timer2.c **** 
  57:../pruebas_timer2.c **** 	unsigned int suma_10s = 0;
  58:../pruebas_timer2.c **** 	unsigned int medidas_10s[10];
  59:../pruebas_timer2.c **** 	for(i=0; i < 10; i = i + 1)
  60:../pruebas_timer2.c **** 	{
  61:../pruebas_timer2.c **** 		timer2_empezar();
  62:../pruebas_timer2.c **** 		unsigned int t_0 = timer2_leer();
  63:../pruebas_timer2.c **** 		Delay(100000);
 1311              		.loc 1 63 0
 1312 023c 04419FE5 		ldr	r4, .L2+4
 1313              	.LBE7:
 1314              	.LBB8:
  50:../pruebas_timer2.c **** 		Delay(10000);
 1315              		.loc 1 50 0
 1316 0240 FEFFFFEB 		bl	Delay
  51:../pruebas_timer2.c **** 		unsigned int t_1 = timer2_parar();
 1317              		.loc 1 51 0
 1318 0244 FEFFFFEB 		bl	timer2_parar
  48:../pruebas_timer2.c **** 		timer2_empezar();
 1319              		.loc 1 48 0
 1320 0248 FEFFFFEB 		bl	timer2_empezar
  49:../pruebas_timer2.c **** 		unsigned int t_0 = timer2_leer();
 1321              		.loc 1 49 0
 1322 024c FEFFFFEB 		bl	timer2_leer
  50:../pruebas_timer2.c **** 		Delay(10000);
 1323              		.loc 1 50 0
 1324 0250 0500A0E1 		mov	r0, r5
 1325 0254 FEFFFFEB 		bl	Delay
  51:../pruebas_timer2.c **** 		unsigned int t_1 = timer2_parar();
 1326              		.loc 1 51 0
 1327 0258 FEFFFFEB 		bl	timer2_parar
  48:../pruebas_timer2.c **** 		timer2_empezar();
 1328              		.loc 1 48 0
 1329 025c FEFFFFEB 		bl	timer2_empezar
  49:../pruebas_timer2.c **** 		unsigned int t_0 = timer2_leer();
 1330              		.loc 1 49 0
 1331 0260 FEFFFFEB 		bl	timer2_leer
  50:../pruebas_timer2.c **** 		Delay(10000);
 1332              		.loc 1 50 0
 1333 0264 0500A0E1 		mov	r0, r5
 1334 0268 FEFFFFEB 		bl	Delay
  51:../pruebas_timer2.c **** 		unsigned int t_1 = timer2_parar();
 1335              		.loc 1 51 0
 1336 026c FEFFFFEB 		bl	timer2_parar
 1337              	.LBE8:
 1338              	.LBB9:
  61:../pruebas_timer2.c **** 		timer2_empezar();
 1339              		.loc 1 61 0
 1340 0270 FEFFFFEB 		bl	timer2_empezar
  62:../pruebas_timer2.c **** 		unsigned int t_0 = timer2_leer();
 1341              		.loc 1 62 0
 1342 0274 FEFFFFEB 		bl	timer2_leer
 1343              		.loc 1 63 0
 1344 0278 0400A0E1 		mov	r0, r4
 1345 027c FEFFFFEB 		bl	Delay
  64:../pruebas_timer2.c **** 		unsigned int t_1 = timer2_parar();
 1346              		.loc 1 64 0
 1347 0280 FEFFFFEB 		bl	timer2_parar
  61:../pruebas_timer2.c **** 		timer2_empezar();
 1348              		.loc 1 61 0
 1349 0284 FEFFFFEB 		bl	timer2_empezar
  62:../pruebas_timer2.c **** 		unsigned int t_0 = timer2_leer();
 1350              		.loc 1 62 0
 1351 0288 FEFFFFEB 		bl	timer2_leer
  63:../pruebas_timer2.c **** 		Delay(100000);
 1352              		.loc 1 63 0
 1353 028c 0400A0E1 		mov	r0, r4
 1354 0290 FEFFFFEB 		bl	Delay
 1355              		.loc 1 64 0
 1356 0294 FEFFFFEB 		bl	timer2_parar
  61:../pruebas_timer2.c **** 		timer2_empezar();
 1357              		.loc 1 61 0
 1358 0298 FEFFFFEB 		bl	timer2_empezar
  62:../pruebas_timer2.c **** 		unsigned int t_0 = timer2_leer();
 1359              		.loc 1 62 0
 1360 029c FEFFFFEB 		bl	timer2_leer
  63:../pruebas_timer2.c **** 		Delay(100000);
 1361              		.loc 1 63 0
 1362 02a0 0400A0E1 		mov	r0, r4
 1363 02a4 FEFFFFEB 		bl	Delay
 1364              		.loc 1 64 0
 1365 02a8 FEFFFFEB 		bl	timer2_parar
  61:../pruebas_timer2.c **** 		timer2_empezar();
 1366              		.loc 1 61 0
 1367 02ac FEFFFFEB 		bl	timer2_empezar
  62:../pruebas_timer2.c **** 		unsigned int t_0 = timer2_leer();
 1368              		.loc 1 62 0
 1369 02b0 FEFFFFEB 		bl	timer2_leer
  63:../pruebas_timer2.c **** 		Delay(100000);
 1370              		.loc 1 63 0
 1371 02b4 0400A0E1 		mov	r0, r4
 1372 02b8 FEFFFFEB 		bl	Delay
 1373              		.loc 1 64 0
 1374 02bc FEFFFFEB 		bl	timer2_parar
  61:../pruebas_timer2.c **** 		timer2_empezar();
 1375              		.loc 1 61 0
 1376 02c0 FEFFFFEB 		bl	timer2_empezar
  62:../pruebas_timer2.c **** 		unsigned int t_0 = timer2_leer();
 1377              		.loc 1 62 0
 1378 02c4 FEFFFFEB 		bl	timer2_leer
  63:../pruebas_timer2.c **** 		Delay(100000);
 1379              		.loc 1 63 0
 1380 02c8 0400A0E1 		mov	r0, r4
 1381 02cc FEFFFFEB 		bl	Delay
 1382              		.loc 1 64 0
 1383 02d0 FEFFFFEB 		bl	timer2_parar
  61:../pruebas_timer2.c **** 		timer2_empezar();
 1384              		.loc 1 61 0
 1385 02d4 FEFFFFEB 		bl	timer2_empezar
  62:../pruebas_timer2.c **** 		unsigned int t_0 = timer2_leer();
 1386              		.loc 1 62 0
 1387 02d8 FEFFFFEB 		bl	timer2_leer
  63:../pruebas_timer2.c **** 		Delay(100000);
 1388              		.loc 1 63 0
 1389 02dc 0400A0E1 		mov	r0, r4
 1390 02e0 FEFFFFEB 		bl	Delay
 1391              		.loc 1 64 0
 1392 02e4 FEFFFFEB 		bl	timer2_parar
  61:../pruebas_timer2.c **** 		timer2_empezar();
 1393              		.loc 1 61 0
 1394 02e8 FEFFFFEB 		bl	timer2_empezar
  62:../pruebas_timer2.c **** 		unsigned int t_0 = timer2_leer();
 1395              		.loc 1 62 0
 1396 02ec FEFFFFEB 		bl	timer2_leer
  63:../pruebas_timer2.c **** 		Delay(100000);
 1397              		.loc 1 63 0
 1398 02f0 0400A0E1 		mov	r0, r4
 1399 02f4 FEFFFFEB 		bl	Delay
 1400              		.loc 1 64 0
 1401 02f8 FEFFFFEB 		bl	timer2_parar
  61:../pruebas_timer2.c **** 		timer2_empezar();
 1402              		.loc 1 61 0
 1403 02fc FEFFFFEB 		bl	timer2_empezar
  62:../pruebas_timer2.c **** 		unsigned int t_0 = timer2_leer();
 1404              		.loc 1 62 0
 1405 0300 FEFFFFEB 		bl	timer2_leer
  63:../pruebas_timer2.c **** 		Delay(100000);
 1406              		.loc 1 63 0
 1407 0304 0400A0E1 		mov	r0, r4
 1408 0308 FEFFFFEB 		bl	Delay
 1409              		.loc 1 64 0
 1410 030c FEFFFFEB 		bl	timer2_parar
  61:../pruebas_timer2.c **** 		timer2_empezar();
 1411              		.loc 1 61 0
 1412 0310 FEFFFFEB 		bl	timer2_empezar
  62:../pruebas_timer2.c **** 		unsigned int t_0 = timer2_leer();
 1413              		.loc 1 62 0
 1414 0314 FEFFFFEB 		bl	timer2_leer
  63:../pruebas_timer2.c **** 		Delay(100000);
 1415              		.loc 1 63 0
 1416 0318 0400A0E1 		mov	r0, r4
 1417 031c FEFFFFEB 		bl	Delay
 1418              		.loc 1 64 0
 1419 0320 FEFFFFEB 		bl	timer2_parar
  61:../pruebas_timer2.c **** 		timer2_empezar();
 1420              		.loc 1 61 0
 1421 0324 FEFFFFEB 		bl	timer2_empezar
  62:../pruebas_timer2.c **** 		unsigned int t_0 = timer2_leer();
 1422              		.loc 1 62 0
 1423 0328 FEFFFFEB 		bl	timer2_leer
  63:../pruebas_timer2.c **** 		Delay(100000);
 1424              		.loc 1 63 0
 1425 032c 0400A0E1 		mov	r0, r4
 1426 0330 FEFFFFEB 		bl	Delay
 1427              		.loc 1 64 0
 1428 0334 FEFFFFEB 		bl	timer2_parar
 1429              	.LBE9:
  65:../pruebas_timer2.c **** 		medidas_10s[i] = t_1 - t_0;
  66:../pruebas_timer2.c **** 		suma_10s += medidas_10s[i];
  67:../pruebas_timer2.c **** 	}
  68:../pruebas_timer2.c **** 	unsigned int media_10s = suma_10s / 10;
  69:../pruebas_timer2.c **** }
 1430              		.loc 1 69 0
 1431 0338 14D04BE2 		sub	sp, fp, #20
 1432 033c 30689DE8 		ldmfd	sp, {r4, r5, fp, sp, lr}
 1433 0340 1EFF2FE1 		bx	lr
 1434              	.L3:
 1435              		.align	2
 1436              	.L2:
 1437 0344 10270000 		.word	10000
 1438 0348 A0860100 		.word	100000
 1439              		.cfi_endproc
 1440              	.LFE0:
 1442              	.Letext0:
DEFINED SYMBOLS
                            *ABS*:00000000 pruebas_timer2.c
C:\Users\guest\AppData\Local\Temp\cc80ye0F.s:1022   .text:00000000 $a
C:\Users\guest\AppData\Local\Temp\cc80ye0F.s:1025   .text:00000000 pruebas_timer2
C:\Users\guest\AppData\Local\Temp\cc80ye0F.s:1437   .text:00000344 $d
                     .debug_frame:00000010 $d

UNDEFINED SYMBOLS
timer2_inicializar
timer2_empezar
timer2_leer
Delay
timer2_parar
