Archive member included because of file (symbol)

c:/users/pjper/onedrive/escritorio/cosas/universidad/tercero/proyecto hardware/eclipsearm/sourcery-g++-lite-arm-2011.03/bin/../lib/gcc/arm-none-eabi/4.5.2\libgcc.a(_divsi3.o)
                              ./common/44blib.o (__aeabi_idiv)
c:/users/pjper/onedrive/escritorio/cosas/universidad/tercero/proyecto hardware/eclipsearm/sourcery-g++-lite-arm-2011.03/bin/../lib/gcc/arm-none-eabi/4.5.2\libgcc.a(_dvmd_tls.o)
                              c:/users/pjper/onedrive/escritorio/cosas/universidad/tercero/proyecto hardware/eclipsearm/sourcery-g++-lite-arm-2011.03/bin/../lib/gcc/arm-none-eabi/4.5.2\libgcc.a(_divsi3.o) (__aeabi_idiv0)

Allocating common symbols
Common symbol       size              file

fileSize            0x4               ./common/44blib.o
downPt              0x4               ./common/44blib.o

Memory Configuration

Name             Origin             Length             Attributes
*default*        0x00000000         0xffffffff

Linker script and memory map

LOAD ./common/44binit.o
LOAD ./common/44blib.o
LOAD ./8led.o
LOAD ./button.o
LOAD ./led.o
LOAD ./main.o
LOAD ./timer.o
START GROUP
LOAD c:/users/pjper/onedrive/escritorio/cosas/universidad/tercero/proyecto hardware/eclipsearm/sourcery-g++-lite-arm-2011.03/bin/../lib/gcc/arm-none-eabi/4.5.2\libgcc.a
LOAD c:/users/pjper/onedrive/escritorio/cosas/universidad/tercero/proyecto hardware/eclipsearm/sourcery-g++-lite-arm-2011.03/bin/../lib/gcc/arm-none-eabi/4.5.2/../../../../arm-none-eabi/lib\libc.a
END GROUP
                0x0c000000                . = 0xc000000
                0x0c000000                Image_RO_Base = .

.text           0x0c000000     0x1270
 *(.text)
 .text          0x0c000000      0x70c ./common/44binit.o
 .text          0x0c00070c      0x46c ./common/44blib.o
                0x0c00070c                Delay
                0x0c000844                DelayMs
                0x0c0008a8                Port_Init
                0x0c000a38                malloc
                0x0c000ad8                free
                0x0c000b08                sys_init
 .text          0x0c000b78       0x78 ./8led.o
                0x0c000b78                D8Led_init
                0x0c000b9c                D8Led_symbol
 .text          0x0c000bf0      0x19c ./button.o
                0x0c000bf0                Eint4567_ISR
                0x0c000ca8                Eint4567_init
 .text          0x0c000d8c      0x23c ./led.o
                0x0c000d8c                leds_on
                0x0c000dac                leds_off
                0x0c000dcc                led1_on
                0x0c000e0c                led1_off
                0x0c000e4c                led2_on
                0x0c000e8c                led2_off
                0x0c000ecc                leds_switch
                0x0c000f0c                Led_Display
 .text          0x0c000fc8       0x54 ./main.o
                0x0c000fc8                Main
 .text          0x0c00101c      0x108 ./timer.o
                0x0c00101c                timer_ISR
                0x0c001064                timer_init
 .text          0x0c001124      0x148 c:/users/pjper/onedrive/escritorio/cosas/universidad/tercero/proyecto hardware/eclipsearm/sourcery-g++-lite-arm-2011.03/bin/../lib/gcc/arm-none-eabi/4.5.2\libgcc.a(_divsi3.o)
                0x0c001124                __divsi3
                0x0c001124                __aeabi_idiv
                0x0c00124c                __aeabi_idivmod
 .text          0x0c00126c        0x4 c:/users/pjper/onedrive/escritorio/cosas/universidad/tercero/proyecto hardware/eclipsearm/sourcery-g++-lite-arm-2011.03/bin/../lib/gcc/arm-none-eabi/4.5.2\libgcc.a(_dvmd_tls.o)
                0x0c00126c                __aeabi_idiv0
                0x0c00126c                __aeabi_ldiv0

.glue_7         0x0c001270        0x0
 .glue_7        0x00000000        0x0 linker stubs

.glue_7t        0x0c001270        0x0
 .glue_7t       0x00000000        0x0 linker stubs

.vfp11_veneer   0x0c001270        0x0
 .vfp11_veneer  0x00000000        0x0 linker stubs

.v4_bx          0x0c001270        0x0
 .v4_bx         0x00000000        0x0 linker stubs
                0x0c001270                . = ALIGN (0x4)
                0x0c001270                Image_RO_Limit = .
                0x0c001270                Image_RW_Base = .

.data           0x0c001270       0x58
 *(.data)
 .data          0x0c001270        0x6 ./common/44binit.o
                0x0c001270                BDRAMTYPE
 *fill*         0x0c001276        0x2 00
 .data          0x0c001278        0xc ./common/44blib.o
                0x0c001278                mallocPt
                0x0c00127c                run
 .data          0x0c001284       0x44 ./8led.o
 .data          0x0c0012c8        0x0 ./button.o
 .data          0x0c0012c8        0x0 ./led.o
 .data          0x0c0012c8        0x0 ./main.o
 .data          0x0c0012c8        0x0 ./timer.o
 .data          0x0c0012c8        0x0 c:/users/pjper/onedrive/escritorio/cosas/universidad/tercero/proyecto hardware/eclipsearm/sourcery-g++-lite-arm-2011.03/bin/../lib/gcc/arm-none-eabi/4.5.2\libgcc.a(_divsi3.o)
 .data          0x0c0012c8        0x0 c:/users/pjper/onedrive/escritorio/cosas/universidad/tercero/proyecto hardware/eclipsearm/sourcery-g++-lite-arm-2011.03/bin/../lib/gcc/arm-none-eabi/4.5.2\libgcc.a(_dvmd_tls.o)

.rodata
 *(.rodata)
                0x0c0012c8                Image_RW_Limit = .
                0x0c0012c8                . = ALIGN (0x4)
                0x0c0012c8                Image_ZI_Base = .

.bss            0x0c0012c8       0x18
 *(.bss)
 .bss           0x0c0012c8        0x0 ./common/44binit.o
 .bss           0x0c0012c8        0x4 ./common/44blib.o
                0x0c0012c8                restart
 .bss           0x0c0012cc        0x0 ./8led.o
 .bss           0x0c0012cc        0x4 ./button.o
 .bss           0x0c0012d0        0x4 ./led.o
 .bss           0x0c0012d4        0x0 ./main.o
 .bss           0x0c0012d4        0x4 ./timer.o
                0x0c0012d4                switch_leds
 .bss           0x0c0012d8        0x0 c:/users/pjper/onedrive/escritorio/cosas/universidad/tercero/proyecto hardware/eclipsearm/sourcery-g++-lite-arm-2011.03/bin/../lib/gcc/arm-none-eabi/4.5.2\libgcc.a(_divsi3.o)
 .bss           0x0c0012d8        0x0 c:/users/pjper/onedrive/escritorio/cosas/universidad/tercero/proyecto hardware/eclipsearm/sourcery-g++-lite-arm-2011.03/bin/../lib/gcc/arm-none-eabi/4.5.2\libgcc.a(_dvmd_tls.o)
 COMMON         0x0c0012d8        0x8 ./common/44blib.o
                0x0c0012d8                fileSize
                0x0c0012dc                downPt
 COMMON         0x0c0012e0        0x0 ./main.o
                0x0c0012e0                Image_ZI_Limit = .
                0x0c0012e0                __bss_start__ = .
                0x0c0012e0                __bss_end__ = .
                0x0c0012e0                __EH_FRAME_BEGIN__ = .
                0x0c0012e0                __EH_FRAME_END__ = .
                0x0c0012e0                PROVIDE (__stack, .)
                0x0c0012e0                end = .
                0x0c0012e0                _end = .

.ARM.attributes
                0x00000000       0x2e
 .ARM.attributes
                0x00000000       0x22 ./common/44binit.o
 .ARM.attributes
                0x00000022       0x32 ./common/44blib.o
 .ARM.attributes
                0x00000054       0x32 ./8led.o
 .ARM.attributes
                0x00000086       0x32 ./button.o
 .ARM.attributes
                0x000000b8       0x32 ./led.o
 .ARM.attributes
                0x000000ea       0x32 ./main.o
 .ARM.attributes
                0x0000011c       0x32 ./timer.o
 .ARM.attributes
                0x0000014e       0x1a c:/users/pjper/onedrive/escritorio/cosas/universidad/tercero/proyecto hardware/eclipsearm/sourcery-g++-lite-arm-2011.03/bin/../lib/gcc/arm-none-eabi/4.5.2\libgcc.a(_divsi3.o)
 .ARM.attributes
                0x00000168       0x18 c:/users/pjper/onedrive/escritorio/cosas/universidad/tercero/proyecto hardware/eclipsearm/sourcery-g++-lite-arm-2011.03/bin/../lib/gcc/arm-none-eabi/4.5.2\libgcc.a(_dvmd_tls.o)

.comment        0x00000000       0x2a
 .comment       0x00000000       0x2a ./common/44blib.o
                                 0x2b (size before relaxing)
 .comment       0x00000000       0x2b ./8led.o
 .comment       0x00000000       0x2b ./button.o
 .comment       0x00000000       0x2b ./led.o
 .comment       0x00000000       0x2b ./main.o
 .comment       0x00000000       0x2b ./timer.o

.debug_info     0x00000000      0x5f2
 *(.debug_info)
 .debug_info    0x00000000       0x61 ./common/44binit.o
 .debug_info    0x00000061      0x229 ./common/44blib.o
 .debug_info    0x0000028a      0x10d ./8led.o
 .debug_info    0x00000397       0x86 ./button.o
 .debug_info    0x0000041d       0xf6 ./led.o
 .debug_info    0x00000513       0x65 ./main.o
 .debug_info    0x00000578       0x7a ./timer.o

.debug_line     0x00000000      0x90a
 *(.debug_line)
 .debug_line    0x00000000      0x10f ./common/44binit.o
 .debug_line    0x0000010f      0x49f ./common/44blib.o
 .debug_line    0x000005ae       0x97 ./8led.o
 .debug_line    0x00000645       0xc0 ./button.o
 .debug_line    0x00000705       0xaa ./led.o
 .debug_line    0x000007af       0xc0 ./main.o
 .debug_line    0x0000086f       0x9b ./timer.o

.debug_abbrev   0x00000000      0x35a
 *(.debug_abbrev)
 .debug_abbrev  0x00000000       0x14 ./common/44binit.o
 .debug_abbrev  0x00000014      0x11f ./common/44blib.o
 .debug_abbrev  0x00000133       0xa7 ./8led.o
 .debug_abbrev  0x000001da       0x67 ./button.o
 .debug_abbrev  0x00000241       0x69 ./led.o
 .debug_abbrev  0x000002aa       0x58 ./main.o
 .debug_abbrev  0x00000302       0x58 ./timer.o

.debug_frame    0x00000000      0x334
 *(.debug_frame)
 .debug_frame   0x00000000       0xd0 ./common/44blib.o
 .debug_frame   0x000000d0       0x50 ./8led.o
 .debug_frame   0x00000120       0x5c ./button.o
 .debug_frame   0x0000017c      0x110 ./led.o
 .debug_frame   0x0000028c       0x30 ./main.o
 .debug_frame   0x000002bc       0x58 ./timer.o
 .debug_frame   0x00000314       0x20 c:/users/pjper/onedrive/escritorio/cosas/universidad/tercero/proyecto hardware/eclipsearm/sourcery-g++-lite-arm-2011.03/bin/../lib/gcc/arm-none-eabi/4.5.2\libgcc.a(_divsi3.o)
OUTPUT(PH_pr1.elf elf32-littlearm)

.debug_aranges  0x00000000       0xe0
 .debug_aranges
                0x00000000       0x20 ./common/44binit.o
 .debug_aranges
                0x00000020       0x20 ./common/44blib.o
 .debug_aranges
                0x00000040       0x20 ./8led.o
 .debug_aranges
                0x00000060       0x20 ./button.o
 .debug_aranges
                0x00000080       0x20 ./led.o
 .debug_aranges
                0x000000a0       0x20 ./main.o
 .debug_aranges
                0x000000c0       0x20 ./timer.o

.debug_macinfo  0x00000000    0x21839
 .debug_macinfo
                0x00000000     0x8301 ./common/44blib.o
 .debug_macinfo
                0x00008301     0x50b0 ./8led.o
 .debug_macinfo
                0x0000d3b1     0x5246 ./button.o
 .debug_macinfo
                0x000125f7     0x50af ./led.o
 .debug_macinfo
                0x000176a6     0x50e2 ./main.o
 .debug_macinfo
                0x0001c788     0x50b1 ./timer.o

.debug_loc      0x00000000      0x39c
 .debug_loc     0x00000000      0x108 ./common/44blib.o
 .debug_loc     0x00000108       0x58 ./8led.o
 .debug_loc     0x00000160       0x58 ./button.o
 .debug_loc     0x000001b8      0x160 ./led.o
 .debug_loc     0x00000318       0x2c ./main.o
 .debug_loc     0x00000344       0x58 ./timer.o

.debug_pubnames
                0x00000000      0x1de
 .debug_pubnames
                0x00000000       0x90 ./common/44blib.o
 .debug_pubnames
                0x00000090       0x32 ./8led.o
 .debug_pubnames
                0x000000c2       0x35 ./button.o
 .debug_pubnames
                0x000000f7       0x7d ./led.o
 .debug_pubnames
                0x00000174       0x2b ./main.o
 .debug_pubnames
                0x0000019f       0x3f ./timer.o

.debug_pubtypes
                0x00000000       0x12
 .debug_pubtypes
                0x00000000       0x12 ./common/44blib.o

.debug_str      0x00000000      0x265
 .debug_str     0x00000000      0x11b ./common/44blib.o
                                0x159 (size before relaxing)
 .debug_str     0x0000011b       0x6c ./8led.o
                                 0xa7 (size before relaxing)
 .debug_str     0x00000187       0x3b ./button.o
                                 0x76 (size before relaxing)
 .debug_str     0x000001c2       0x68 ./led.o
                                 0x96 (size before relaxing)
 .debug_str     0x0000022a       0x1b ./main.o
                                 0x49 (size before relaxing)
 .debug_str     0x00000245       0x20 ./timer.o
                                 0x5a (size before relaxing)
